Component: ARM Compiler 5.06 update 3 (build 300) Tool: armlink [4d35c9]

==============================================================================

Section Cross References

    stm32f7xx_hal_tim.o(i.HAL_TIM_Base_DeInit) refers to stm32f7xx_hal_msp.o(i.HAL_TIM_Base_MspDeInit) for HAL_TIM_Base_MspDeInit
    stm32f7xx_hal_tim.o(i.HAL_TIM_Base_Init) refers to stm32f7xx_hal_msp.o(i.HAL_TIM_Base_MspInit) for HAL_TIM_Base_MspInit
    stm32f7xx_hal_tim.o(i.HAL_TIM_Base_Init) refers to stm32f7xx_hal_tim.o(i.TIM_Base_SetConfig) for TIM_Base_SetConfig
    stm32f7xx_hal_tim.o(i.HAL_TIM_Base_Start_DMA) refers to stm32f7xx_hal_dma.o(i.HAL_DMA_Start_IT) for HAL_DMA_Start_IT
    stm32f7xx_hal_tim.o(i.HAL_TIM_Base_Start_DMA) refers to stm32f7xx_hal_tim.o(i.TIM_DMAPeriodElapsedCplt) for TIM_DMAPeriodElapsedCplt
    stm32f7xx_hal_tim.o(i.HAL_TIM_Base_Start_DMA) refers to stm32f7xx_hal_tim.o(i.TIM_DMAError) for TIM_DMAError
    stm32f7xx_hal_tim.o(i.HAL_TIM_ConfigClockSource) refers to stm32f7xx_hal_tim.o(i.TIM_ETR_SetConfig) for TIM_ETR_SetConfig
    stm32f7xx_hal_tim.o(i.HAL_TIM_ConfigClockSource) refers to stm32f7xx_hal_tim.o(i.TIM_TI1_ConfigInputStage) for TIM_TI1_ConfigInputStage
    stm32f7xx_hal_tim.o(i.HAL_TIM_ConfigClockSource) refers to stm32f7xx_hal_tim.o(i.TIM_TI2_ConfigInputStage) for TIM_TI2_ConfigInputStage
    stm32f7xx_hal_tim.o(i.HAL_TIM_ConfigClockSource) refers to stm32f7xx_hal_tim.o(i.TIM_ITRx_SetConfig) for TIM_ITRx_SetConfig
    stm32f7xx_hal_tim.o(i.HAL_TIM_ConfigOCrefClear) refers to stm32f7xx_hal_tim.o(i.TIM_ETR_SetConfig) for TIM_ETR_SetConfig
    stm32f7xx_hal_tim.o(i.HAL_TIM_DMABurst_ReadStart) refers to stm32f7xx_hal_dma.o(i.HAL_DMA_Start_IT) for HAL_DMA_Start_IT
    stm32f7xx_hal_tim.o(i.HAL_TIM_DMABurst_ReadStart) refers to stm32f7xx_hal_tim.o(i.TIM_DMAError) for TIM_DMAError
    stm32f7xx_hal_tim.o(i.HAL_TIM_DMABurst_ReadStart) refers to stm32f7xx_hal_tim.o(i.TIM_DMACaptureCplt) for TIM_DMACaptureCplt
    stm32f7xx_hal_tim.o(i.HAL_TIM_DMABurst_ReadStart) refers to stm32f7xx_hal_tim.o(i.TIM_DMAPeriodElapsedCplt) for TIM_DMAPeriodElapsedCplt
    stm32f7xx_hal_tim.o(i.HAL_TIM_DMABurst_ReadStart) refers to stm32f7xx_hal_tim_ex.o(i.TIMEx_DMACommutationCplt) for TIMEx_DMACommutationCplt
    stm32f7xx_hal_tim.o(i.HAL_TIM_DMABurst_ReadStart) refers to stm32f7xx_hal_tim.o(i.TIM_DMATriggerCplt) for TIM_DMATriggerCplt
    stm32f7xx_hal_tim.o(i.HAL_TIM_DMABurst_ReadStop) refers to stm32f7xx_hal_dma.o(i.HAL_DMA_Abort) for HAL_DMA_Abort
    stm32f7xx_hal_tim.o(i.HAL_TIM_DMABurst_WriteStart) refers to stm32f7xx_hal_dma.o(i.HAL_DMA_Start_IT) for HAL_DMA_Start_IT
    stm32f7xx_hal_tim.o(i.HAL_TIM_DMABurst_WriteStart) refers to stm32f7xx_hal_tim.o(i.TIM_DMAError) for TIM_DMAError
    stm32f7xx_hal_tim.o(i.HAL_TIM_DMABurst_WriteStart) refers to stm32f7xx_hal_tim.o(i.TIM_DMADelayPulseCplt) for TIM_DMADelayPulseCplt
    stm32f7xx_hal_tim.o(i.HAL_TIM_DMABurst_WriteStart) refers to stm32f7xx_hal_tim.o(i.TIM_DMAPeriodElapsedCplt) for TIM_DMAPeriodElapsedCplt
    stm32f7xx_hal_tim.o(i.HAL_TIM_DMABurst_WriteStart) refers to stm32f7xx_hal_tim_ex.o(i.TIMEx_DMACommutationCplt) for TIMEx_DMACommutationCplt
    stm32f7xx_hal_tim.o(i.HAL_TIM_DMABurst_WriteStart) refers to stm32f7xx_hal_tim.o(i.TIM_DMATriggerCplt) for TIM_DMATriggerCplt
    stm32f7xx_hal_tim.o(i.HAL_TIM_DMABurst_WriteStop) refers to stm32f7xx_hal_dma.o(i.HAL_DMA_Abort) for HAL_DMA_Abort
    stm32f7xx_hal_tim.o(i.HAL_TIM_Encoder_DeInit) refers to stm32f7xx_hal_msp.o(i.HAL_TIM_Encoder_MspDeInit) for HAL_TIM_Encoder_MspDeInit
    stm32f7xx_hal_tim.o(i.HAL_TIM_Encoder_Init) refers to stm32f7xx_hal_msp.o(i.HAL_TIM_Encoder_MspInit) for HAL_TIM_Encoder_MspInit
    stm32f7xx_hal_tim.o(i.HAL_TIM_Encoder_Init) refers to stm32f7xx_hal_tim.o(i.TIM_Base_SetConfig) for TIM_Base_SetConfig
    stm32f7xx_hal_tim.o(i.HAL_TIM_Encoder_Start) refers to stm32f7xx_hal_tim.o(i.TIM_CCxChannelCmd) for TIM_CCxChannelCmd
    stm32f7xx_hal_tim.o(i.HAL_TIM_Encoder_Start_DMA) refers to stm32f7xx_hal_dma.o(i.HAL_DMA_Start_IT) for HAL_DMA_Start_IT
    stm32f7xx_hal_tim.o(i.HAL_TIM_Encoder_Start_DMA) refers to stm32f7xx_hal_tim.o(i.TIM_CCxChannelCmd) for TIM_CCxChannelCmd
    stm32f7xx_hal_tim.o(i.HAL_TIM_Encoder_Start_DMA) refers to stm32f7xx_hal_tim.o(i.TIM_DMACaptureCplt) for TIM_DMACaptureCplt
    stm32f7xx_hal_tim.o(i.HAL_TIM_Encoder_Start_DMA) refers to stm32f7xx_hal_tim.o(i.TIM_DMAError) for TIM_DMAError
    stm32f7xx_hal_tim.o(i.HAL_TIM_Encoder_Start_IT) refers to stm32f7xx_hal_tim.o(i.TIM_CCxChannelCmd) for TIM_CCxChannelCmd
    stm32f7xx_hal_tim.o(i.HAL_TIM_Encoder_Stop) refers to stm32f7xx_hal_tim.o(i.TIM_CCxChannelCmd) for TIM_CCxChannelCmd
    stm32f7xx_hal_tim.o(i.HAL_TIM_Encoder_Stop_DMA) refers to stm32f7xx_hal_tim.o(i.TIM_CCxChannelCmd) for TIM_CCxChannelCmd
    stm32f7xx_hal_tim.o(i.HAL_TIM_Encoder_Stop_IT) refers to stm32f7xx_hal_tim.o(i.TIM_CCxChannelCmd) for TIM_CCxChannelCmd
[...]
    Removing stm32f7xx_hal_i2c.o(i.HAL_I2C_Slave_Transmit), (316 bytes).
    Removing stm32f7xx_hal_i2c.o(i.HAL_I2C_Slave_Transmit_DMA), (156 bytes).
    Removing stm32f7xx_hal_i2c.o(i.HAL_I2C_Slave_Transmit_IT), (92 bytes).
    Removing stm32f7xx_hal_i2c.o(i.I2C_DMAAbort), (50 bytes).
    Removing stm32f7xx_hal_i2c.o(i.I2C_DMAError), (18 bytes).
    Removing stm32f7xx_hal_i2c.o(i.I2C_DMAMasterReceiveCplt), (66 bytes).
    Removing stm32f7xx_hal_i2c.o(i.I2C_DMAMasterTransmitCplt), (66 bytes).
    Removing stm32f7xx_hal_i2c.o(i.I2C_DMASlaveReceiveCplt), (2 bytes).
    Removing stm32f7xx_hal_i2c.o(i.I2C_DMASlaveTransmitCplt), (2 bytes).
    Removing stm32f7xx_hal_i2c.o(i.I2C_Disable_IRQ), (88 bytes).
    Removing stm32f7xx_hal_i2c.o(i.I2C_Enable_IRQ), (96 bytes).
    Removing stm32f7xx_hal_i2c.o(i.I2C_Flush_TXDR), (34 bytes).
    Removing stm32f7xx_hal_i2c.o(i.I2C_ITAddrCplt), (136 bytes).
    Removing stm32f7xx_hal_i2c.o(i.I2C_ITError), (224 bytes).
    Removing stm32f7xx_hal_i2c.o(i.I2C_ITListenCplt), (96 bytes).
    Removing stm32f7xx_hal_i2c.o(i.I2C_ITMasterCplt), (180 bytes).
    Removing stm32f7xx_hal_i2c.o(i.I2C_ITMasterSequentialCplt), (80 bytes).
    Removing stm32f7xx_hal_i2c.o(i.I2C_ITSlaveCplt), (240 bytes).
    Removing stm32f7xx_hal_i2c.o(i.I2C_ITSlaveSequentialCplt), (84 bytes).
    Removing stm32f7xx_hal_i2c.o(i.I2C_IsAcknowledgeFailed), (124 bytes).
    Removing stm32f7xx_hal_i2c.o(i.I2C_Master_ISR_DMA), (196 bytes).
    Removing stm32f7xx_hal_i2c.o(i.I2C_Master_ISR_IT), (288 bytes).
    Removing stm32f7xx_hal_i2c.o(i.I2C_RequestMemoryRead), (110 bytes).
    Removing stm32f7xx_hal_i2c.o(i.I2C_RequestMemoryWrite), (110 bytes).
    Removing stm32f7xx_hal_i2c.o(i.I2C_Slave_ISR_DMA), (106 bytes).
    Removing stm32f7xx_hal_i2c.o(i.I2C_Slave_ISR_IT), (276 bytes).
    Removing stm32f7xx_hal_i2c.o(i.I2C_TransferConfig), (36 bytes).
    Removing stm32f7xx_hal_i2c.o(i.I2C_WaitOnFlagUntilTimeout), (82 bytes).
    Removing stm32f7xx_hal_i2c.o(i.I2C_WaitOnRXNEFlagUntilTimeout), (128 bytes).
    Removing stm32f7xx_hal_i2c.o(i.I2C_WaitOnSTOPFlagUntilTimeout), (80 bytes).
    Removing stm32f7xx_hal_i2c.o(i.I2C_WaitOnTXISFlagUntilTimeout), (84 bytes).
    Removing stm32f7xx_hal_gpio.o(.rev16_text), (4 bytes).
    Removing stm32f7xx_hal_gpio.o(.revsh_text), (4 bytes).
    Removing stm32f7xx_hal_gpio.o(.rrx_text), (6 bytes).
    Removing stm32f7xx_hal_gpio.o(i.HAL_GPIO_DeInit), (340 bytes).
    Removing stm32f7xx_hal_gpio.o(i.HAL_GPIO_EXTI_Callback), (2 bytes).
    Removing stm32f7xx_hal_gpio.o(i.HAL_GPIO_EXTI_IRQHandler), (24 bytes).
    Removing stm32f7xx_hal_gpio.o(i.HAL_GPIO_LockPin), (34 bytes).
    Removing stm32f7xx_hal_gpio.o(i.HAL_GPIO_ReadPin), (10 bytes).
    Removing stm32f7xx_hal.o(.rev16_text), (4 bytes).
    Removing stm32f7xx_hal.o(.revsh_text), (4 bytes).
    Removing stm32f7xx_hal.o(.rrx_text), (6 bytes).
    Removing stm32f7xx_hal.o(i.HAL_DBGMCU_DisableDBGSleepMode), (16 bytes).
    Removing stm32f7xx_hal.o(i.HAL_DBGMCU_DisableDBGStandbyMode), (16 bytes).
    Removing stm32f7xx_hal.o(i.HAL_DBGMCU_DisableDBGStopMode), (16 bytes).
    Removing stm32f7xx_hal.o(i.HAL_DBGMCU_EnableDBGSleepMode), (16 bytes).
    Removing stm32f7xx_hal.o(i.HAL_DBGMCU_EnableDBGStandbyMode), (16 bytes).
    Removing stm32f7xx_hal.o(i.HAL_DBGMCU_EnableDBGStopMode), (16 bytes).
    Removing stm32f7xx_hal.o(i.HAL_DeInit), (52 bytes).
    Removing stm32f7xx_hal.o(i.HAL_DisableCompensationCell), (16 bytes).
    Removing stm32f7xx_hal.o(i.HAL_DisableFMCMemorySwapping), (16 bytes).
    Removing stm32f7xx_hal.o(i.HAL_DisableMemorySwappingBank), (16 bytes).
    Removing stm32f7xx_hal.o(i.HAL_EnableCompensationCell), (16 bytes).
    Removing stm32f7xx_hal.o(i.HAL_EnableFMCMemorySwapping), (16 bytes).
    Removing stm32f7xx_hal.o(i.HAL_EnableMemorySwappingBank), (16 bytes).
    Removing stm32f7xx_hal.o(i.HAL_GetDEVID), (16 bytes).
    Removing stm32f7xx_hal.o(i.HAL_GetHalVersion), (8 bytes).
    Removing stm32f7xx_hal.o(i.HAL_GetREVID), (12 bytes).
    Removing stm32f7xx_hal.o(i.HAL_MspDeInit), (2 bytes).
    Removing stm32f7xx_hal.o(i.HAL_MspInit), (2 bytes).
    Removing stm32f7xx_hal.o(i.HAL_ResumeTick), (14 bytes).
    Removing stm32f7xx_hal.o(i.HAL_SuspendTick), (14 bytes).
    Removing stm32f7xx_hal_i2c_ex.o(.rev16_text), (4 bytes).
    Removing stm32f7xx_hal_i2c_ex.o(.revsh_text), (4 bytes).
    Removing stm32f7xx_hal_i2c_ex.o(.rrx_text), (6 bytes).
    Removing stm32f7xx_hal_i2c_ex.o(i.HAL_I2CEx_ConfigAnalogFilter), (88 bytes).
    Removing stm32f7xx_hal_i2c_ex.o(i.HAL_I2CEx_ConfigDigitalFilter), (84 bytes).
    Removing stm32f7xx_hal_i2c_ex.o(i.HAL_I2CEx_DisableFastModePlus), (40 bytes).
    Removing stm32f7xx_hal_i2c_ex.o(i.HAL_I2CEx_EnableFastModePlus), (40 bytes).
    Removing stm32f7xx_hal_uart.o(.rev16_text), (4 bytes).
    Removing stm32f7xx_hal_uart.o(.revsh_text), (4 bytes).
    Removing stm32f7xx_hal_uart.o(.rrx_text), (6 bytes).
    Removing stm32f7xx_hal_uart.o(i.HAL_HalfDuplex_EnableReceiver), (62 bytes).
    Removing stm32f7xx_hal_uart.o(i.HAL_HalfDuplex_EnableTransmitter), (62 bytes).
    Removing stm32f7xx_hal_uart.o(i.HAL_HalfDuplex_Init), (116 bytes).
    Removing stm32f7xx_hal_uart.o(i.HAL_LIN_Init), (130 bytes).
    Removing stm32f7xx_hal_uart.o(i.HAL_LIN_SendBreak), (50 bytes).
    Removing stm32f7xx_hal_uart.o(i.HAL_MultiProcessorEx_AddressLength_Set), (48 bytes).
    Removing stm32f7xx_hal_uart.o(i.HAL_MultiProcessor_DisableMuteMode), (44 bytes).
    Removing stm32f7xx_hal_uart.o(i.HAL_MultiProcessor_EnableMuteMode), (44 bytes).
    Removing stm32f7xx_hal_uart.o(i.HAL_MultiProcessor_EnterMuteMode), (12 bytes).
    Removing stm32f7xx_hal_uart.o(i.HAL_MultiProcessor_Init), (138 bytes).
    Removing stm32f7xx_hal_uart.o(i.HAL_RS485Ex_Init), (140 bytes).
    Removing stm32f7xx_hal_uart.o(i.HAL_UART_DMAPause), (98 bytes).
    Removing stm32f7xx_hal_uart.o(i.HAL_UART_DMAResume), (102 bytes).
    Removing stm32f7xx_hal_uart.o(i.HAL_UART_DMAStop), (84 bytes).
    Removing stm32f7xx_hal_uart.o(i.HAL_UART_DeInit), (64 bytes).
    Removing stm32f7xx_hal_uart.o(i.HAL_UART_GetError), (4 bytes).
    Removing stm32f7xx_hal_uart.o(i.HAL_UART_GetState), (12 bytes).
    Removing stm32f7xx_hal_uart.o(i.HAL_UART_MspDeInit), (2 bytes).
    Removing stm32f7xx_hal_uart.o(i.HAL_UART_MspInit), (2 bytes).
    Removing stm32f7xx_hal_uart.o(i.HAL_UART_Receive), (232 bytes).
    Removing stm32f7xx_hal_uart.o(i.HAL_UART_Receive_DMA), (148 bytes).
    Removing stm32f7xx_hal_uart.o(i.HAL_UART_Receive_IT), (142 bytes).
    Removing stm32f7xx_hal_uart.o(i.HAL_UART_RxHalfCpltCallback), (2 bytes).
    Removing stm32f7xx_hal_uart.o(i.HAL_UART_Transmit_DMA), (140 bytes).
    Removing stm32f7xx_hal_uart.o(i.HAL_UART_Transmit_IT), (66 bytes).
    Removing stm32f7xx_hal_uart.o(i.HAL_UART_TxHalfCpltCallback), (2 bytes).
    Removing stm32f7xx_hal_uart.o(i.UART_DMAError), (74 bytes).
    Removing stm32f7xx_hal_uart.o(i.UART_DMAReceiveCplt), (60 bytes).
    Removing stm32f7xx_hal_uart.o(i.UART_DMARxHalfCplt), (10 bytes).
    Removing stm32f7xx_hal_uart.o(i.UART_DMATransmitCplt), (46 bytes).
    Removing stm32f7xx_hal_uart.o(i.UART_DMATxHalfCplt), (10 bytes).
    Removing stm32f7xx_hal_uart.o(i.UART_EndTxTransfer), (18 bytes).
    Removing stm32f7xx_hal_rcc.o(.rev16_text), (4 bytes).
    Removing stm32f7xx_hal_rcc.o(.revsh_text), (4 bytes).
    Removing stm32f7xx_hal_rcc.o(.rrx_text), (6 bytes).
    Removing stm32f7xx_hal_rcc.o(i.HAL_RCC_CSSCallback), (2 bytes).
    Removing stm32f7xx_hal_rcc.o(i.HAL_RCC_DeInit), (100 bytes).
    Removing stm32f7xx_hal_rcc.o(i.HAL_RCC_DisableCSS), (16 bytes).
    Removing stm32f7xx_hal_rcc.o(i.HAL_RCC_EnableCSS), (16 bytes).
    Removing stm32f7xx_hal_rcc.o(i.HAL_RCC_GetClockConfig), (64 bytes).
    Removing stm32f7xx_hal_rcc.o(i.HAL_RCC_GetOscConfig), (228 bytes).
    Removing stm32f7xx_hal_rcc.o(i.HAL_RCC_MCOConfig), (148 bytes).
    Removing stm32f7xx_hal_rcc.o(i.HAL_RCC_NMI_IRQHandler), (28 bytes).
    Removing stm32f7xx_hal_dma_ex.o(.rev16_text), (4 bytes).
    Removing stm32f7xx_hal_dma_ex.o(.revsh_text), (4 bytes).
    Removing stm32f7xx_hal_dma_ex.o(.rrx_text), (6 bytes).
    Removing stm32f7xx_hal_dma_ex.o(i.DMA_MultiBufferSetConfig), (30 bytes).
    Removing stm32f7xx_hal_dma_ex.o(i.HAL_DMAEx_ChangeMemory), (14 bytes).
    Removing stm32f7xx_hal_dma_ex.o(i.HAL_DMAEx_MultiBufferStart), (100 bytes).
    Removing stm32f7xx_hal_dma_ex.o(i.HAL_DMAEx_MultiBufferStart_IT), (2448 bytes).
    Removing stm32f7xx_hal_usart.o(.rev16_text), (4 bytes).
    Removing stm32f7xx_hal_usart.o(.revsh_text), (4 bytes).
    Removing stm32f7xx_hal_usart.o(.rrx_text), (6 bytes).
    Removing stm32f7xx_hal_usart.o(i.HAL_USART_DMAPause), (98 bytes).
    Removing stm32f7xx_hal_usart.o(i.HAL_USART_DMAResume), (110 bytes).
    Removing stm32f7xx_hal_usart.o(i.HAL_USART_DMAStop), (88 bytes).
    Removing stm32f7xx_hal_usart.o(i.HAL_USART_DeInit), (50 bytes).
    Removing stm32f7xx_hal_usart.o(i.HAL_USART_GetError), (4 bytes).
    Removing stm32f7xx_hal_usart.o(i.HAL_USART_GetState), (6 bytes).
    Removing stm32f7xx_hal_usart.o(i.HAL_USART_MspDeInit), (2 bytes).
    Removing stm32f7xx_hal_usart.o(i.HAL_USART_MspInit), (2 bytes).
    Removing stm32f7xx_hal_usart.o(i.HAL_USART_Receive), (240 bytes).
    Removing stm32f7xx_hal_usart.o(i.HAL_USART_Receive_DMA), (212 bytes).
    Removing stm32f7xx_hal_usart.o(i.HAL_USART_Receive_IT), (154 bytes).
    Removing stm32f7xx_hal_usart.o(i.HAL_USART_RxHalfCpltCallback), (2 bytes).
    Removing stm32f7xx_hal_usart.o(i.HAL_USART_Transmit), (170 bytes).
    Removing stm32f7xx_hal_usart.o(i.HAL_USART_TransmitReceive), (278 bytes).
    Removing stm32f7xx_hal_usart.o(i.HAL_USART_TransmitReceive_DMA), (228 bytes).
    Removing stm32f7xx_hal_usart.o(i.HAL_USART_TransmitReceive_IT), (162 bytes).
    Removing stm32f7xx_hal_usart.o(i.HAL_USART_Transmit_DMA), (148 bytes).
    Removing stm32f7xx_hal_usart.o(i.HAL_USART_Transmit_IT), (62 bytes).
    Removing stm32f7xx_hal_usart.o(i.HAL_USART_TxHalfCpltCallback), (2 bytes).
    Removing stm32f7xx_hal_usart.o(i.USART_DMAError), (76 bytes).
    Removing stm32f7xx_hal_usart.o(i.USART_DMAReceiveCplt), (106 bytes).
    Removing stm32f7xx_hal_usart.o(i.USART_DMARxHalfCplt), (10 bytes).
    Removing stm32f7xx_hal_usart.o(i.USART_DMATransmitCplt), (60 bytes).
    Removing stm32f7xx_hal_usart.o(i.USART_DMATxHalfCplt), (10 bytes).
    Removing stm32f7xx_hal_usart.o(i.USART_EndTxTransfer), (18 bytes).
    Removing stm32f7xx_hal_flash_ex.o(.rev16_text), (4 bytes).
    Removing stm32f7xx_hal_flash_ex.o(.revsh_text), (4 bytes).
    Removing stm32f7xx_hal_flash_ex.o(.rrx_text), (6 bytes).
    Removing stm32f7xx_hal_flash_ex.o(i.FLASH_Erase_Sector), (104 bytes).
    Removing stm32f7xx_hal_flash_ex.o(i.FLASH_MassErase), (68 bytes).
    Removing stm32f7xx_hal_flash_ex.o(i.FLASH_OB_BootAddressConfig), (48 bytes).
    Removing stm32f7xx_hal_flash_ex.o(i.FLASH_OB_GetBootAddress), (20 bytes).
    Removing stm32f7xx_hal_flash_ex.o(i.HAL_FLASHEx_Erase), (144 bytes).
    Removing stm32f7xx_hal_flash_ex.o(i.HAL_FLASHEx_Erase_IT), (104 bytes).
    Removing stm32f7xx_hal_flash_ex.o(i.HAL_FLASHEx_OBGetConfig), (84 bytes).
    Removing stm32f7xx_hal_flash_ex.o(i.HAL_FLASHEx_OBProgram), (256 bytes).
    Removing stm32f7xx_hal_pwr.o(.rev16_text), (4 bytes).
    Removing stm32f7xx_hal_pwr.o(.revsh_text), (4 bytes).
    Removing stm32f7xx_hal_pwr.o(.rrx_text), (6 bytes).
    Removing stm32f7xx_hal_pwr.o(i.HAL_PWR_ConfigPVD), (124 bytes).
    Removing stm32f7xx_hal_pwr.o(i.HAL_PWR_DeInit), (24 bytes).
    Removing stm32f7xx_hal_pwr.o(i.HAL_PWR_DisableBkUpAccess), (16 bytes).
    Removing stm32f7xx_hal_pwr.o(i.HAL_PWR_DisablePVD), (16 bytes).
    Removing stm32f7xx_hal_pwr.o(i.HAL_PWR_DisableSEVOnPend), (16 bytes).
    Removing stm32f7xx_hal_pwr.o(i.HAL_PWR_DisableSleepOnExit), (16 bytes).
    Removing stm32f7xx_hal_pwr.o(i.HAL_PWR_DisableWakeUpPin), (16 bytes).
    Removing stm32f7xx_hal_pwr.o(i.HAL_PWR_EnableBkUpAccess), (16 bytes).
    Removing stm32f7xx_hal_pwr.o(i.HAL_PWR_EnablePVD), (16 bytes).
    Removing stm32f7xx_hal_pwr.o(i.HAL_PWR_EnableSEVOnPend), (16 bytes).
    Removing stm32f7xx_hal_pwr.o(i.HAL_PWR_EnableSleepOnExit), (16 bytes).
    Removing stm32f7xx_hal_pwr.o(i.HAL_PWR_EnableWakeUpPin), (28 bytes).
    Removing stm32f7xx_hal_pwr.o(i.HAL_PWR_EnterSLEEPMode), (32 bytes).
    Removing stm32f7xx_hal_pwr.o(i.HAL_PWR_EnterSTANDBYMode), (32 bytes).
    Removing stm32f7xx_hal_pwr.o(i.HAL_PWR_EnterSTOPMode), (60 bytes).
    Removing stm32f7xx_hal_pwr.o(i.HAL_PWR_PVDCallback), (2 bytes).
    Removing stm32f7xx_hal_pwr.o(i.HAL_PWR_PVD_IRQHandler), (28 bytes).
    Removing system_stm32f7xx.o(.rev16_text), (4 bytes).
    Removing system_stm32f7xx.o(.revsh_text), (4 bytes).
    Removing system_stm32f7xx.o(.rrx_text), (6 bytes).
    Removing system_stm32f7xx.o(i.SystemCoreClockUpdate), (128 bytes).
    Removing stm32f7xx_hal_msp.o(.rev16_text), (4 bytes).
    Removing stm32f7xx_hal_msp.o(.revsh_text), (4 bytes).
    Removing stm32f7xx_hal_msp.o(.rrx_text), (6 bytes).
    Removing stm32f7xx_hal_msp.o(i.HAL_ADC_MspDeInit), (52 bytes).
    Removing stm32f7xx_hal_msp.o(i.HAL_TIM_Base_MspDeInit), (32 bytes).
    Removing stm32f7xx_hal_msp.o(i.HAL_TIM_Encoder_MspDeInit), (40 bytes).
    Removing stm32f7xx_hal_msp.o(i.HAL_TIM_PWM_MspDeInit), (28 bytes).
    Removing stm32f7xx_hal_msp.o(i.HAL_UART_MspDeInit), (96 bytes).
    Removing stm32f7xx_hal_msp.o(i.HAL_USART_MspDeInit), (64 bytes).
    Removing main.o(.rev16_text), (4 bytes).
    Removing main.o(.revsh_text), (4 bytes).
    Removing main.o(.rrx_text), (6 bytes).
    Removing main.o(i.Error_Handler), (2 bytes).
    Removing main.o(i.fgetc), (32 bytes).
    Removing main.o(.data), (15 bytes).
    Removing stm32f7xx_it.o(.rev16_text), (4 bytes).
    Removing stm32f7xx_it.o(.revsh_text), (4 bytes).
    Removing stm32f7xx_it.o(.rrx_text), (6 bytes).
    Removing motor_control.o(.rev16_text), (4 bytes).
    Removing motor_control.o(.revsh_text), (4 bytes).
    Removing motor_control.o(.rrx_text), (6 bytes).
    Removing pid.o(.rev16_text), (4 bytes).
    Removing pid.o(.revsh_text), (4 bytes).
    Removing pid.o(.rrx_text), (6 bytes).
    Removing startup_stm32f767xx.o(HEAP), (512 bytes).
    Removing dadd.o(.text), (334 bytes).
    Removing dmul.o(.text), (228 bytes).
    Removing ddiv.o(.text), (222 bytes).
    Removing dfixul.o(.text), (48 bytes).
    Removing cdrcmple.o(.text), (48 bytes).
    Removing depilogue.o(.text), (186 bytes).

496 unused section(s) (total 38109 bytes) removed from the image.

==============================================================================

Image Symbol Table

    Local Symbols

    Symbol Name                              Value     Ov Type        Size  Object(Section)

    ../Drivers/STM32F7xx_HAL_Driver/Src/stm32f7xx_hal.c 0x00000000   Number         0  stm32f7xx_hal.o ABSOLUTE
    ../Drivers/STM32F7xx_HAL_Driver/Src/stm32f7xx_hal_adc.c 0x00000000   Number         0  stm32f7xx_hal_adc.o ABSOLUTE
    ../Drivers/STM32F7xx_HAL_Driver/Src/stm32f7xx_hal_adc_ex.c 0x00000000   Number         0  stm32f7xx_hal_adc_ex.o ABSOLUTE
    ../Drivers/STM32F7xx_HAL_Driver/Src/stm32f7xx_hal_cortex.c 0x00000000   Number         0  stm32f7xx_hal_cortex.o ABSOLUTE
    ../Drivers/STM32F7xx_HAL_Driver/Src/stm32f7xx_hal_dma.c 0x00000000   Number         0  stm32f7xx_hal_dma.o ABSOLUTE
    ../Drivers/STM32F7xx_HAL_Driver/Src/stm32f7xx_hal_dma_ex.c 0x00000000   Number         0  stm32f7xx_hal_dma_ex.o ABSOLUTE
    ../Drivers/STM32F7xx_HAL_Driver/Src/stm32f7xx_hal_flash.c 0x00000000   Number         0  stm32f7xx_hal_flash.o ABSOLUTE
    ../Drivers/STM32F7xx_HAL_Driver/Src/stm32f7xx_hal_flash_ex.c 0x00000000   Number         0  stm32f7xx_hal_flash_ex.o ABSOLUTE
    ../Drivers/STM32F7xx_HAL_Driver/Src/stm32f7xx_hal_gpio.c 0x00000000   Number         0  stm32f7xx_hal_gpio.o ABSOLUTE
    ../Drivers/STM32F7xx_HAL_Driver/Src/stm32f7xx_hal_i2c.c 0x00000000   Number         0  stm32f7xx_hal_i2c.o ABSOLUTE
    ../Drivers/STM32F7xx_HAL_Driver/Src/stm32f7xx_hal_i2c_ex.c 0x00000000   Number         0  stm32f7xx_hal_i2c_ex.o ABSOLUTE
    ../Drivers/STM32F7xx_HAL_Driver/Src/stm32f7xx_hal_pwr.c 0x00000000   Number         0  stm32f7xx_hal_pwr.o ABSOLUTE
    ../Drivers/STM32F7xx_HAL_Driver/Src/stm32f7xx_hal_pwr_ex.c 0x00000000   Number         0  stm32f7xx_hal_pwr_ex.o ABSOLUTE
    ../Drivers/STM32F7xx_HAL_Driver/Src/stm32f7xx_hal_rcc.c 0x00000000   Number         0  stm32f7xx_hal_rcc.o ABSOLUTE
    ../Drivers/STM32F7xx_HAL_Driver/Src/stm32f7xx_hal_rcc_ex.c 0x00000000   Number         0  stm32f7xx_hal_rcc_ex.o ABSOLUTE
    ../Drivers/STM32F7xx_HAL_Driver/Src/stm32f7xx_hal_tim.c 0x00000000   Number         0  stm32f7xx_hal_tim.o ABSOLUTE
    ../Drivers/STM32F7xx_HAL_Driver/Src/stm32f7xx_hal_tim_ex.c 0x00000000   Number         0  stm32f7xx_hal_tim_ex.o ABSOLUTE
    ../Drivers/STM32F7xx_HAL_Driver/Src/stm32f7xx_hal_uart.c 0x00000000   Number         0  stm32f7xx_hal_uart.o ABSOLUTE
    ../Drivers/STM32F7xx_HAL_Driver/Src/stm32f7xx_hal_usart.c 0x00000000   Number         0  stm32f7xx_hal_usart.o ABSOLUTE
    ../Src/main.c                            0x00000000   Number         0  main.o ABSOLUTE
    ../Src/stm32f7xx_hal_msp.c               0x00000000   Number         0  stm32f7xx_hal_msp.o ABSOLUTE
    ../Src/stm32f7xx_it.c                    0x00000000   Number         0  stm32f7xx_it.o ABSOLUTE
    ../Src/system_stm32f7xx.c                0x00000000   Number         0  system_stm32f7xx.o ABSOLUTE
    ../clib/microlib/division.c              0x00000000   Number         0  uldiv.o ABSOLUTE
    ../clib/microlib/division.c              0x00000000   Number         0  uidiv.o ABSOLUTE
    ../clib/microlib/init/entry.s            0x00000000   Number         0  entry8b.o ABSOLUTE
    ../clib/microlib/init/entry.s            0x00000000   Number         0  entry5.o ABSOLUTE
    ../clib/microlib/init/entry.s            0x00000000   Number         0  entry2.o ABSOLUTE
    ../clib/microlib/init/entry.s            0x00000000   Number         0  entry7b.o ABSOLUTE
    ../clib/microlib/init/entry.s            0x00000000   Number         0  entry7a.o ABSOLUTE
    ../clib/microlib/init/entry.s            0x00000000   Number         0  entry9b.o ABSOLUTE
    ../clib/microlib/init/entry.s            0x00000000   Number         0  entry8a.o ABSOLUTE
    ../clib/microlib/init/entry.s            0x00000000   Number         0  entry11b.o ABSOLUTE
    ../clib/microlib/init/entry.s            0x00000000   Number         0  entry.o ABSOLUTE
    ../clib/microlib/init/entry.s            0x00000000   Number         0  entry11a.o ABSOLUTE
    ../clib/microlib/init/entry.s            0x00000000   Number         0  entry10b.o ABSOLUTE
    ../clib/microlib/init/entry.s            0x00000000   Number         0  entry9a.o ABSOLUTE
    ../clib/microlib/init/entry.s            0x00000000   Number         0  entry10a.o ABSOLUTE
    ../clib/microlib/longlong.c              0x00000000   Number         0  llshl.o ABSOLUTE
    ../clib/microlib/longlong.c              0x00000000   Number         0  llushr.o ABSOLUTE
    ../clib/microlib/longlong.c              0x00000000   Number         0  llsshr.o ABSOLUTE
    ../clib/microlib/printf/printf.c         0x00000000   Number         0  printf6.o ABSOLUTE
    ../clib/microlib/printf/printf.c         0x00000000   Number         0  printf5.o ABSOLUTE
    ../clib/microlib/printf/printf.c         0x00000000   Number         0  printf4.o ABSOLUTE
    ../clib/microlib/printf/printf.c         0x00000000   Number         0  printf2.o ABSOLUTE
    ../clib/microlib/printf/printf.c         0x00000000   Number         0  printf1.o ABSOLUTE
    ../clib/microlib/printf/printf.c         0x00000000   Number         0  printf0.o ABSOLUTE
    ../clib/microlib/printf/printf.c         0x00000000   Number         0  printfb.o ABSOLUTE
    ../clib/microlib/printf/printf.c         0x00000000   Number         0  printf3.o ABSOLUTE
    ../clib/microlib/printf/printf.c         0x00000000   Number         0  printfa.o ABSOLUTE
    ../clib/microlib/printf/printf.c         0x00000000   Number         0  printf8.o ABSOLUTE
    ../clib/microlib/printf/printf.c         0x00000000   Number         0  printf7.o ABSOLUTE
    ../clib/microlib/printf/stubs.s          0x00000000   Number         0  stubs.o ABSOLUTE
    ../clib/microlib/stdio/streams.c         0x00000000   Number         0  stdout.o ABSOLUTE
    ../clib/microlib/stubs.s                 0x00000000   Number         0  iusefp.o ABSOLUTE
    ../fplib/microlib/fpadd.c                0x00000000   Number         0  dadd.o ABSOLUTE
    ../fplib/microlib/fpdiv.c                0x00000000   Number         0  ddiv.o ABSOLUTE
    ../fplib/microlib/fpepilogue.c           0x00000000   Number         0  depilogue.o ABSOLUTE
    ../fplib/microlib/fpfix.c                0x00000000   Number         0  dfixul.o ABSOLUTE
    ../fplib/microlib/fpmul.c                0x00000000   Number         0  dmul.o ABSOLUTE
    ..\Drivers\STM32F7xx_HAL_Driver\Src\stm32f7xx_hal.c 0x00000000   Number         0  stm32f7xx_hal.o ABSOLUTE
    ..\Drivers\STM32F7xx_HAL_Driver\Src\stm32f7xx_hal_adc.c 0x00000000   Number         0  stm32f7xx_hal_adc.o ABSOLUTE
    ..\Drivers\STM32F7xx_HAL_Driver\Src\stm32f7xx_hal_adc_ex.c 0x00000000   Number         0  stm32f7xx_hal_adc_ex.o ABSOLUTE
    ..\Drivers\STM32F7xx_HAL_Driver\Src\stm32f7xx_hal_cortex.c 0x00000000   Number         0  stm32f7xx_hal_cortex.o ABSOLUTE
    ..\Drivers\STM32F7xx_HAL_Driver\Src\stm32f7xx_hal_dma.c 0x00000000   Number         0  stm32f7xx_hal_dma.o ABSOLUTE
    ..\Drivers\STM32F7xx_HAL_Driver\Src\stm32f7xx_hal_dma_ex.c 0x00000000   Number         0  stm32f7xx_hal_dma_ex.o ABSOLUTE
    ..\Drivers\STM32F7xx_HAL_Driver\Src\stm32f7xx_hal_flash.c 0x00000000   Number         0  stm32f7xx_hal_flash.o ABSOLUTE
    ..\Drivers\STM32F7xx_HAL_Driver\Src\stm32f7xx_hal_flash_ex.c 0x00000000   Number         0  stm32f7xx_hal_flash_ex.o ABSOLUTE
    ..\Drivers\STM32F7xx_HAL_Driver\Src\stm32f7xx_hal_gpio.c 0x00000000   Number         0  stm32f7xx_hal_gpio.o ABSOLUTE
    ..\Drivers\STM32F7xx_HAL_Driver\Src\stm32f7xx_hal_i2c.c 0x00000000   Number         0  stm32f7xx_hal_i2c.o ABSOLUTE
    ..\Drivers\STM32F7xx_HAL_Driver\Src\stm32f7xx_hal_i2c_ex.c 0x00000000   Number         0  stm32f7xx_hal_i2c_ex.o ABSOLUTE
    ..\Drivers\STM32F7xx_HAL_Driver\Src\stm32f7xx_hal_pwr.c 0x00000000   Number         0  stm32f7xx_hal_pwr.o ABSOLUTE
    ..\Drivers\STM32F7xx_HAL_Driver\Src\stm32f7xx_hal_pwr_ex.c 0x00000000   Number         0  stm32f7xx_hal_pwr_ex.o ABSOLUTE
    ..\Drivers\STM32F7xx_HAL_Driver\Src\stm32f7xx_hal_rcc.c 0x00000000   Number         0  stm32f7xx_hal_rcc.o ABSOLUTE
    ..\Drivers\STM32F7xx_HAL_Driver\Src\stm32f7xx_hal_rcc_ex.c 0x00000000   Number         0  stm32f7xx_hal_rcc_ex.o ABSOLUTE
    ..\Drivers\STM32F7xx_HAL_Driver\Src\stm32f7xx_hal_tim.c 0x00000000   Number         0  stm32f7xx_hal_tim.o ABSOLUTE
    ..\Drivers\STM32F7xx_HAL_Driver\Src\stm32f7xx_hal_tim_ex.c 0x00000000   Number         0  stm32f7xx_hal_tim_ex.o ABSOLUTE
    ..\Drivers\STM32F7xx_HAL_Driver\Src\stm32f7xx_hal_uart.c 0x00000000   Number         0  stm32f7xx_hal_uart.o ABSOLUTE
    ..\Drivers\STM32F7xx_HAL_Driver\Src\stm32f7xx_hal_usart.c 0x00000000   Number         0  stm32f7xx_hal_usart.o ABSOLUTE
    ..\Src\main.c                            0x00000000   Number         0  main.o ABSOLUTE
    ..\Src\stm32f7xx_hal_msp.c               0x00000000   Number         0  stm32f7xx_hal_msp.o ABSOLUTE
    ..\Src\stm32f7xx_it.c                    0x00000000   Number         0  stm32f7xx_it.o ABSOLUTE
    ..\Src\system_stm32f7xx.c                0x00000000   Number         0  system_stm32f7xx.o ABSOLUTE
    cdrcmple.s                               0x00000000   Number         0  cdrcmple.o ABSOLUTE
    dc.s                                     0x00000000   Number         0  dc.o ABSOLUTE
    handlers.s                               0x00000000   Number         0  handlers.o ABSOLUTE
    init.s                                   0x00000000   Number         0  init.o ABSOLUTE
    motor_control.c                          0x00000000   Number         0  motor_control.o ABSOLUTE
    motor_control.c                          0x00000000   Number         0  motor_control.o ABSOLUTE
    pid.c                                    0x00000000   Number         0  pid.o ABSOLUTE
    pid.c                                    0x00000000   Number         0  pid.o ABSOLUTE
    startup_stm32f767xx.s                    0x00000000   Number         0  startup_stm32f767xx.o ABSOLUTE
    RESET                                    0x08000000   Section      504  startup_stm32f767xx.o(RESET)
    .ARM.Collect$$$$00000000                 0x080001f8   Section        0  entry.o(.ARM.Collect$$$$00000000)
    .ARM.Collect$$$$00000001                 0x080001f8   Section        4  entry2.o(.ARM.Collect$$$$00000001)
    .ARM.Collect$$$$00000004                 0x080001fc   Section        4  entry5.o(.ARM.Collect$$$$00000004)
    .ARM.Collect$$$$00000008                 0x08000200   Section        0  entry7b.o(.ARM.Collect$$$$00000008)
    .ARM.Collect$$$$0000000A                 0x08000200   Section        0  entry8b.o(.ARM.Collect$$$$0000000A)
    .ARM.Collect$$$$0000000B                 0x08000200   Section        8  entry9a.o(.ARM.Collect$$$$0000000B)
    .ARM.Collect$$$$0000000D                 0x08000208   Section        0  entry10a.o(.ARM.Collect$$$$0000000D)
    .ARM.Collect$$$$0000000F                 0x08000208   Section        0  entry11a.o(.ARM.Collect$$$$0000000F)
    .ARM.Collect$$$$00002712                 0x08000208   Section        4  entry2.o(.ARM.Collect$$$$00002712)
    __lit__00000000                          0x08000208   Data           4  entry2.o(.ARM.Collect$$$$00002712)
    .text                                    0x0800020c   Section       36  startup_stm32f767xx.o(.text)
    $v0                                      0x0800020c   Number         0  startup_stm32f767xx.o(.text)
    .text                                    0x08000230   Section        0  uidiv.o(.text)
    .text                                    0x0800025c   Section       36  init.o(.text)
    i.ADC_IRQHandler                         0x08000280   Section        0  stm32f7xx_it.o(i.ADC_IRQHandler)
    i.ADC_Init                               0x0800028c   Section        0  stm32f7xx_hal_adc.o(i.ADC_Init)
    ADC_Init                                 0x0800028d   Thumb Code   302  stm32f7xx_hal_adc.o(i.ADC_Init)
    i.Get_adc                                0x080003c4   Section        0  main.o(i.Get_adc)
    i.HAL_ADCEx_InjectedConvCpltCallback     0x080003f8   Section        0  stm32f7xx_hal_adc_ex.o(i.HAL_ADCEx_InjectedConvCpltCallback)
    i.HAL_ADC_ConfigChannel                  0x080003fc   Section        0  stm32f7xx_hal_adc.o(i.HAL_ADC_ConfigChannel)
    i.HAL_ADC_ConvCpltCallback               0x08000560   Section        0  stm32f7xx_hal_adc.o(i.HAL_ADC_ConvCpltCallback)
    i.HAL_ADC_ErrorCallback                  0x08000562   Section        0  stm32f7xx_hal_adc.o(i.HAL_ADC_ErrorCallback)
    i.HAL_ADC_GetValue                       0x08000564   Section        0  stm32f7xx_hal_adc.o(i.HAL_ADC_GetValue)
    i.HAL_ADC_IRQHandler                     0x0800056a   Section        0  stm32f7xx_hal_adc.o(i.HAL_ADC_IRQHandler)
    i.HAL_ADC_Init                           0x080006a6   Section        0  stm32f7xx_hal_adc.o(i.HAL_ADC_Init)
    i.HAL_ADC_LevelOutOfWindowCallback       0x080006fa   Section        0  stm32f7xx_hal_adc.o(i.HAL_ADC_LevelOutOfWindowCallback)
    i.HAL_ADC_MspInit                        0x080006fc   Section        0  stm32f7xx_hal_msp.o(i.HAL_ADC_MspInit)
    i.HAL_ADC_PollForConversion              0x0800074c   Section        0  stm32f7xx_hal_adc.o(i.HAL_ADC_PollForConversion)
    i.HAL_ADC_Start                          0x080007ec   Section        0  stm32f7xx_hal_adc.o(i.HAL_ADC_Start)
    i.HAL_DMA_Abort_IT                       0x080008a4   Section        0  stm32f7xx_hal_dma.o(i.HAL_DMA_Abort_IT)
    i.HAL_Delay                              0x080008c8   Section        0  stm32f7xx_hal.o(i.HAL_Delay)
    i.HAL_GPIO_Init                          0x080008e0   Section        0  stm32f7xx_hal_gpio.o(i.HAL_GPIO_Init)
    i.HAL_GPIO_TogglePin                     0x08000ab8   Section        0  stm32f7xx_hal_gpio.o(i.HAL_GPIO_TogglePin)
    i.HAL_GPIO_WritePin                      0x08000ac0   Section        0  stm32f7xx_hal_gpio.o(i.HAL_GPIO_WritePin)
    i.HAL_GetTick                            0x08000acc   Section        0  stm32f7xx_hal.o(i.HAL_GetTick)
    i.HAL_IncTick                            0x08000ad8   Section        0  stm32f7xx_hal.o(i.HAL_IncTick)
    i.HAL_Init                               0x08000ae8   Section        0  stm32f7xx_hal.o(i.HAL_Init)
    i.HAL_InitTick                           0x08000b00   Section        0  stm32f7xx_hal.o(i.HAL_InitTick)
    i.HAL_MspInit                            0x08000b28   Section        0  stm32f7xx_hal_msp.o(i.HAL_MspInit)
    i.HAL_NVIC_EnableIRQ                     0x08000b80   Section        0  stm32f7xx_hal_cortex.o(i.HAL_NVIC_EnableIRQ)
    i.HAL_NVIC_SetPriority                   0x08000b98   Section        0  stm32f7xx_hal_cortex.o(i.HAL_NVIC_SetPriority)
    i.HAL_NVIC_SetPriorityGrouping           0x08000bd8   Section        0  stm32f7xx_hal_cortex.o(i.HAL_NVIC_SetPriorityGrouping)
    i.HAL_PWREx_EnableOverDrive              0x08000bfc   Section        0  stm32f7xx_hal_pwr_ex.o(i.HAL_PWREx_EnableOverDrive)
    i.HAL_RCCEx_PeriphCLKConfig              0x08000c68   Section        0  stm32f7xx_hal_rcc_ex.o(i.HAL_RCCEx_PeriphCLKConfig)
    i.HAL_RCC_ClockConfig                    0x08001384   Section        0  stm32f7xx_hal_rcc.o(i.HAL_RCC_ClockConfig)
    i.HAL_RCC_GetHCLKFreq                    0x080014e8   Section        0  stm32f7xx_hal_rcc.o(i.HAL_RCC_GetHCLKFreq)
    i.HAL_RCC_GetPCLK1Freq                   0x080014f4   Section        0  stm32f7xx_hal_rcc.o(i.HAL_RCC_GetPCLK1Freq)
    i.HAL_RCC_GetPCLK2Freq                   0x08001524   Section        0  stm32f7xx_hal_rcc.o(i.HAL_RCC_GetPCLK2Freq)
    i.HAL_RCC_GetSysClockFreq                0x08001554   Section        0  stm32f7xx_hal_rcc.o(i.HAL_RCC_GetSysClockFreq)
    i.HAL_RCC_OscConfig                      0x080015d4   Section        0  stm32f7xx_hal_rcc.o(i.HAL_RCC_OscConfig)
    i.HAL_SYSTICK_CLKSourceConfig            0x08001944   Section        0  stm32f7xx_hal_cortex.o(i.HAL_SYSTICK_CLKSourceConfig)
    i.HAL_SYSTICK_Callback                   0x0800195c   Section        0  stm32f7xx_hal_cortex.o(i.HAL_SYSTICK_Callback)
    i.HAL_SYSTICK_Config                     0x0800195e   Section        0  stm32f7xx_hal_cortex.o(i.HAL_SYSTICK_Config)
    i.HAL_SYSTICK_IRQHandler                 0x08001984   Section        0  stm32f7xx_hal_cortex.o(i.HAL_SYSTICK_IRQHandler)
    i.HAL_TIMEx_BreakCallback                0x0800198c   Section        0  stm32f7xx_hal_tim_ex.o(i.HAL_TIMEx_BreakCallback)
    i.HAL_TIMEx_CommutationCallback          0x0800198e   Section        0  stm32f7xx_hal_tim_ex.o(i.HAL_TIMEx_CommutationCallback)
    i.HAL_TIMEx_MasterConfigSynchronization  0x08001990   Section        0  stm32f7xx_hal_tim_ex.o(i.HAL_TIMEx_MasterConfigSynchronization)
    i.HAL_TIM_Base_Init                      0x080019e8   Section        0  stm32f7xx_hal_tim.o(i.HAL_TIM_Base_Init)
    i.HAL_TIM_Base_MspInit                   0x08001a20   Section        0  stm32f7xx_hal_msp.o(i.HAL_TIM_Base_MspInit)
    i.HAL_TIM_ConfigClockSource              0x08001a58   Section        0  stm32f7xx_hal_tim.o(i.HAL_TIM_ConfigClockSource)
    i.HAL_TIM_Encoder_Init                   0x08001b54   Section        0  stm32f7xx_hal_tim.o(i.HAL_TIM_Encoder_Init)
    i.HAL_TIM_Encoder_MspInit                0x08001bfc   Section        0  stm32f7xx_hal_msp.o(i.HAL_TIM_Encoder_MspInit)
    i.HAL_TIM_Encoder_Start                  0x08001c40   Section        0  stm32f7xx_hal_tim.o(i.HAL_TIM_Encoder_Start)
    i.HAL_TIM_IC_CaptureCallback             0x08001c74   Section        0  stm32f7xx_hal_tim.o(i.HAL_TIM_IC_CaptureCallback)
    i.HAL_TIM_IRQHandler                     0x08001c76   Section        0  stm32f7xx_hal_tim.o(i.HAL_TIM_IRQHandler)
    i.HAL_TIM_MspPostInit                    0x08001df4   Section        0  stm32f7xx_hal_msp.o(i.HAL_TIM_MspPostInit)
    i.HAL_TIM_OC_DelayElapsedCallback        0x08001e24   Section        0  stm32f7xx_hal_tim.o(i.HAL_TIM_OC_DelayElapsedCallback)
    i.HAL_TIM_PWM_ConfigChannel              0x08001e26   Section        0  stm32f7xx_hal_tim_ex.o(i.HAL_TIM_PWM_ConfigChannel)
    i.HAL_TIM_PWM_Init                       0x08001f4e   Section        0  stm32f7xx_hal_tim.o(i.HAL_TIM_PWM_Init)
    i.HAL_TIM_PWM_MspInit                    0x08001f84   Section        0  stm32f7xx_hal_msp.o(i.HAL_TIM_PWM_MspInit)
    i.HAL_TIM_PWM_PulseFinishedCallback      0x08001fac   Section        0  stm32f7xx_hal_tim.o(i.HAL_TIM_PWM_PulseFinishedCallback)
    i.HAL_TIM_PWM_Start                      0x08001fb0   Section        0  stm32f7xx_hal_tim.o(i.HAL_TIM_PWM_Start)
    i.HAL_TIM_PeriodElapsedCallback          0x08001fe8   Section        0  stm32f7xx_hal_tim.o(i.HAL_TIM_PeriodElapsedCallback)
    i.HAL_TIM_TriggerCallback                0x08001fea   Section        0  stm32f7xx_hal_tim.o(i.HAL_TIM_TriggerCallback)
    i.HAL_UART_ErrorCallback                 0x08001fec   Section        0  stm32f7xx_hal_uart.o(i.HAL_UART_ErrorCallback)
    i.HAL_UART_IRQHandler                    0x08001ff0   Section        0  stm32f7xx_hal_uart.o(i.HAL_UART_IRQHandler)
    i.HAL_UART_Init                          0x08002168   Section        0  stm32f7xx_hal_uart.o(i.HAL_UART_Init)
    i.HAL_UART_MspInit                       0x080021d4   Section        0  stm32f7xx_hal_msp.o(i.HAL_UART_MspInit)
    i.HAL_UART_RxCpltCallback                0x08002284   Section        0  stm32f7xx_hal_uart.o(i.HAL_UART_RxCpltCallback)
    i.HAL_UART_Transmit                      0x08002288   Section        0  stm32f7xx_hal_uart.o(i.HAL_UART_Transmit)
    i.HAL_UART_TxCpltCallback                0x0800233e   Section        0  stm32f7xx_hal_uart.o(i.HAL_UART_TxCpltCallback)
    i.HAL_USART_ErrorCallback                0x08002340   Section        0  stm32f7xx_hal_usart.o(i.HAL_USART_ErrorCallback)
    i.HAL_USART_IRQHandler                   0x08002344   Section        0  stm32f7xx_hal_usart.o(i.HAL_USART_IRQHandler)
    i.HAL_USART_Init                         0x080024d8   Section        0  stm32f7xx_hal_usart.o(i.HAL_USART_Init)
    i.HAL_USART_MspInit                      0x08002568   Section        0  stm32f7xx_hal_msp.o(i.HAL_USART_MspInit)
    i.HAL_USART_RxCpltCallback               0x080025d0   Section        0  stm32f7xx_hal_usart.o(i.HAL_USART_RxCpltCallback)
    i.HAL_USART_TxCpltCallback               0x080025d2   Section        0  stm32f7xx_hal_usart.o(i.HAL_USART_TxCpltCallback)
    i.HAL_USART_TxRxCpltCallback             0x080025d4   Section        0  stm32f7xx_hal_usart.o(i.HAL_USART_TxRxCpltCallback)
    i.MX_ADC1_Init                           0x080025d8   Section        0  main.o(i.MX_ADC1_Init)
    MX_ADC1_Init                             0x080025d9   Thumb Code    68  main.o(i.MX_ADC1_Init)
    i.MX_GPIO_Init                           0x08002628   Section        0  main.o(i.MX_GPIO_Init)
    MX_GPIO_Init                             0x08002629   Thumb Code   352  main.o(i.MX_GPIO_Init)
    i.MX_TIM2_Init                           0x080027a0   Section        0  main.o(i.MX_TIM2_Init)
    MX_TIM2_Init                             0x080027a1   Thumb Code    76  main.o(i.MX_TIM2_Init)
    i.MX_TIM3_Init                           0x080027f0   Section        0  main.o(i.MX_TIM3_Init)
    MX_TIM3_Init                             0x080027f1   Thumb Code    88  main.o(i.MX_TIM3_Init)
    i.MX_TIM8_Init                           0x08002850   Section        0  main.o(i.MX_TIM8_Init)
    MX_TIM8_Init                             0x08002851   Thumb Code    84  main.o(i.MX_TIM8_Init)
    i.MX_USART1_UART_Init                    0x080028ac   Section        0  main.o(i.MX_USART1_UART_Init)
    MX_USART1_UART_Init                      0x080028ad   Thumb Code    46  main.o(i.MX_USART1_UART_Init)
    i.MX_USART3_UART_Init                    0x080028e4   Section        0  main.o(i.MX_USART3_UART_Init)
    MX_USART3_UART_Init                      0x080028e5   Thumb Code    46  main.o(i.MX_USART3_UART_Init)
    i.NVIC_SetPriority                       0x0800291c   Section        0  stm32f7xx_hal_cortex.o(i.NVIC_SetPriority)
    NVIC_SetPriority                         0x0800291d   Thumb Code    34  stm32f7xx_hal_cortex.o(i.NVIC_SetPriority)
    i.SysTick_Handler                        0x0800293e   Section        0  stm32f7xx_it.o(i.SysTick_Handler)
    i.SystemClock_Config                     0x0800294c   Section        0  main.o(i.SystemClock_Config)
    i.SystemInit                             0x08002a10   Section        0  system_stm32f7xx.o(i.SystemInit)
    i.TIM2_IRQHandler                        0x08002a64   Section        0  stm32f7xx_it.o(i.TIM2_IRQHandler)
    i.TIM_Base_SetConfig                     0x08002a70   Section        0  stm32f7xx_hal_tim.o(i.TIM_Base_SetConfig)
    i.TIM_CCxChannelCmd                      0x08002b3c   Section        0  stm32f7xx_hal_tim.o(i.TIM_CCxChannelCmd)
    i.TIM_ETR_SetConfig                      0x08002b52   Section        0  stm32f7xx_hal_tim.o(i.TIM_ETR_SetConfig)
    i.TIM_ITRx_SetConfig                     0x08002b64   Section        0  stm32f7xx_hal_tim.o(i.TIM_ITRx_SetConfig)
    TIM_ITRx_SetConfig                       0x08002b65   Thumb Code    16  stm32f7xx_hal_tim.o(i.TIM_ITRx_SetConfig)
    i.TIM_OC1_SetConfig                      0x08002b74   Section        0  stm32f7xx_hal_tim.o(i.TIM_OC1_SetConfig)
    i.TIM_OC2_SetConfig                      0x08002bdc   Section        0  stm32f7xx_hal_tim.o(i.TIM_OC2_SetConfig)
    i.TIM_OC3_SetConfig                      0x08002c48   Section        0  stm32f7xx_hal_tim.o(i.TIM_OC3_SetConfig)
    i.TIM_OC4_SetConfig                      0x08002cb4   Section        0  stm32f7xx_hal_tim.o(i.TIM_OC4_SetConfig)
    i.TIM_OC5_SetConfig                      0x08002d0c   Section        0  stm32f7xx_hal_tim_ex.o(i.TIM_OC5_SetConfig)
    TIM_OC5_SetConfig                        0x08002d0d   Thumb Code    74  stm32f7xx_hal_tim_ex.o(i.TIM_OC5_SetConfig)
    i.TIM_OC6_SetConfig                      0x08002d64   Section        0  stm32f7xx_hal_tim_ex.o(i.TIM_OC6_SetConfig)
    TIM_OC6_SetConfig                        0x08002d65   Thumb Code    74  stm32f7xx_hal_tim_ex.o(i.TIM_OC6_SetConfig)
    i.TIM_TI1_ConfigInputStage               0x08002dbc   Section        0  stm32f7xx_hal_tim.o(i.TIM_TI1_ConfigInputStage)
    TIM_TI1_ConfigInputStage                 0x08002dbd   Thumb Code    34  stm32f7xx_hal_tim.o(i.TIM_TI1_ConfigInputStage)
    i.TIM_TI2_ConfigInputStage               0x08002dde   Section        0  stm32f7xx_hal_tim.o(i.TIM_TI2_ConfigInputStage)
    TIM_TI2_ConfigInputStage                 0x08002ddf   Thumb Code    36  stm32f7xx_hal_tim.o(i.TIM_TI2_ConfigInputStage)
    i.UART_AdvFeatureConfig                  0x08002e02   Section        0  stm32f7xx_hal_uart.o(i.UART_AdvFeatureConfig)
    i.UART_CheckIdleState                    0x08002eca   Section        0  stm32f7xx_hal_uart.o(i.UART_CheckIdleState)
    i.UART_DMAAbortOnError                   0x08002f0a   Section        0  stm32f7xx_hal_uart.o(i.UART_DMAAbortOnError)
    UART_DMAAbortOnError                     0x08002f0b   Thumb Code    20  stm32f7xx_hal_uart.o(i.UART_DMAAbortOnError)
    i.UART_EndRxTransfer                     0x08002f1e   Section        0  stm32f7xx_hal_uart.o(i.UART_EndRxTransfer)
    UART_EndRxTransfer                       0x08002f1f   Thumb Code    28  stm32f7xx_hal_uart.o(i.UART_EndRxTransfer)
    i.UART_Receive_IT                        0x08002f3a   Section        0  stm32f7xx_hal_uart.o(i.UART_Receive_IT)
    UART_Receive_IT                          0x08002f3b   Thumb Code   120  stm32f7xx_hal_uart.o(i.UART_Receive_IT)
    i.UART_SetConfig                         0x08002fb4   Section        0  stm32f7xx_hal_uart.o(i.UART_SetConfig)
    i.UART_WaitOnFlagUntilTimeout            0x0800320c   Section        0  stm32f7xx_hal_uart.o(i.UART_WaitOnFlagUntilTimeout)
    i.USART1_IRQHandler                      0x08003270   Section        0  stm32f7xx_it.o(i.USART1_IRQHandler)
    i.USART2_IRQHandler                      0x0800327c   Section        0  stm32f7xx_it.o(i.USART2_IRQHandler)
    i.USART3_IRQHandler                      0x08003288   Section        0  stm32f7xx_it.o(i.USART3_IRQHandler)
    i.USART_DMAAbortOnError                  0x08003294   Section        0  stm32f7xx_hal_usart.o(i.USART_DMAAbortOnError)
    USART_DMAAbortOnError                    0x08003295   Thumb Code    16  stm32f7xx_hal_usart.o(i.USART_DMAAbortOnError)
    i.USART_EndRxTransfer                    0x080032a4   Section        0  stm32f7xx_hal_usart.o(i.USART_EndRxTransfer)
    USART_EndRxTransfer                      0x080032a5   Thumb Code    28  stm32f7xx_hal_usart.o(i.USART_EndRxTransfer)
    i.USART_Receive_IT                       0x080032c0   Section        0  stm32f7xx_hal_usart.o(i.USART_Receive_IT)
    USART_Receive_IT                         0x080032c1   Thumb Code   124  stm32f7xx_hal_usart.o(i.USART_Receive_IT)
    i.USART_SetConfig                        0x0800333c   Section        0  stm32f7xx_hal_usart.o(i.USART_SetConfig)
    USART_SetConfig                          0x0800333d   Thumb Code   268  stm32f7xx_hal_usart.o(i.USART_SetConfig)
    i.USART_TransmitReceive_IT               0x08003464   Section        0  stm32f7xx_hal_usart.o(i.USART_TransmitReceive_IT)
    USART_TransmitReceive_IT                 0x08003465   Thumb Code   202  stm32f7xx_hal_usart.o(i.USART_TransmitReceive_IT)
    i.USART_WaitOnFlagUntilTimeout           0x0800352e   Section        0  stm32f7xx_hal_usart.o(i.USART_WaitOnFlagUntilTimeout)
    USART_WaitOnFlagUntilTimeout             0x0800352f   Thumb Code   116  stm32f7xx_hal_usart.o(i.USART_WaitOnFlagUntilTimeout)
    i.__0printf$1                            0x080035a4   Section        0  printf1.o(i.__0printf$1)
    i.__scatterload_copy                     0x080035c4   Section       14  handlers.o(i.__scatterload_copy)
    i.__scatterload_null                     0x080035d2   Section        2  handlers.o(i.__scatterload_null)
    i.__scatterload_zeroinit                 0x080035d4   Section       14  handlers.o(i.__scatterload_zeroinit)
    i._printf_core                           0x080035e4   Section        0  printf1.o(i._printf_core)
    _printf_core                             0x080035e5   Thumb Code   336  printf1.o(i._printf_core)
    i.fputc                                  0x08003738   Section        0  main.o(i.fputc)
    i.main                                   0x08003750   Section        0  main.o(i.main)
    .constdata                               0x08003844   Section       16  system_stm32f7xx.o(.constdata)
    .constdata                               0x08003854   Section        8  system_stm32f7xx.o(.constdata)
    .data                                    0x20000000   Section        4  stm32f7xx_hal.o(.data)
    .data                                    0x20000004   Section        4  system_stm32f7xx.o(.data)
    .data                                    0x20000008   Section        8  main.o(.data)
    .data                                    0x20000010   Section        4  stdout.o(.data)
    .bss                                     0x20000014   Section      564  main.o(.bss)
    STACK                                    0x20000248   Section     1024  startup_stm32f767xx.o(STACK)

    Global Symbols

    Symbol Name                              Value     Ov Type        Size  Object(Section)

    BuildAttributes$$THM_ISAv4$E$P$D$K$B$S$7EM$VFPv5_D16$PE$PLD8$A:L22UL41UL21$X:L11$S22US41US21$IEEE1$IW$USESV6$~STKCKD$USESV7$~SHL$OSPACE$ROPI$EBA8$MICROLIB$REQ8$PRES8$EABIv2 0x00000000   Number         0  anon$$obj.o ABSOLUTE
    __ARM_use_no_argv                        0x00000000   Number         0  main.o ABSOLUTE
    _printf_a                                0x00000000   Number         0  stubs.o ABSOLUTE
    _printf_c                                0x00000000   Number         0  stubs.o ABSOLUTE
    _printf_charcount                        0x00000000   Number         0  stubs.o ABSOLUTE
    _printf_d                                0x00000000   Number         0  stubs.o ABSOLUTE
    _printf_e                                0x00000000   Number         0  stubs.o ABSOLUTE
    _printf_f                                0x00000000   Number         0  stubs.o ABSOLUTE
    _printf_flags                            0x00000000   Number         0  stubs.o ABSOLUTE
    _printf_fp_dec                           0x00000000   Number         0  stubs.o ABSOLUTE
    _printf_fp_hex                           0x00000000   Number         0  stubs.o ABSOLUTE
    _printf_g                                0x00000000   Number         0  stubs.o ABSOLUTE
    _printf_i                                0x00000000   Number         0  stubs.o ABSOLUTE
    _printf_int_dec                          0x00000000   Number         0  stubs.o ABSOLUTE
    _printf_l                                0x00000000   Number         0  stubs.o ABSOLUTE
    _printf_lc                               0x00000000   Number         0  stubs.o ABSOLUTE
    _printf_ll                               0x00000000   Number         0  stubs.o ABSOLUTE
    _printf_lld                              0x00000000   Number         0  stubs.o ABSOLUTE
    _printf_lli                              0x00000000   Number         0  stubs.o ABSOLUTE
    _printf_llo                              0x00000000   Number         0  stubs.o ABSOLUTE
    _printf_llu                              0x00000000   Number         0  stubs.o ABSOLUTE
    _printf_llx                              0x00000000   Number         0  stubs.o ABSOLUTE
    _printf_longlong_dec                     0x00000000   Number         0  stubs.o ABSOLUTE
    _printf_longlong_hex                     0x00000000   Number         0  stubs.o ABSOLUTE
    _printf_longlong_oct                     0x00000000   Number         0  stubs.o ABSOLUTE
    _printf_ls                               0x00000000   Number         0  stubs.o ABSOLUTE
    _printf_mbtowc                           0x00000000   Number         0  stubs.o ABSOLUTE
    _printf_n                                0x00000000   Number         0  stubs.o ABSOLUTE
    _printf_o                                0x00000000   Number         0  stubs.o ABSOLUTE
    _printf_p                                0x00000000   Number         0  stubs.o ABSOLUTE
    _printf_percent                          0x00000000   Number         0  stubs.o ABSOLUTE
    _printf_pre_padding                      0x00000000   Number         0  stubs.o ABSOLUTE
    _printf_return_value                     0x00000000   Number         0  stubs.o ABSOLUTE
    _printf_s                                0x00000000   Number         0  stubs.o ABSOLUTE
    _printf_sizespec                         0x00000000   Number         0  stubs.o ABSOLUTE
    _printf_str                              0x00000000   Number         0  stubs.o ABSOLUTE
    _printf_truncate_signed                  0x00000000   Number         0  stubs.o ABSOLUTE
    _printf_truncate_unsigned                0x00000000   Number         0  stubs.o ABSOLUTE
    _printf_u                                0x00000000   Number         0  stubs.o ABSOLUTE
    _printf_wc                               0x00000000   Number         0  stubs.o ABSOLUTE
    _printf_wctomb                           0x00000000   Number         0  stubs.o ABSOLUTE
    _printf_widthprec                        0x00000000   Number         0  stubs.o ABSOLUTE
    _printf_x                                0x00000000   Number         0  stubs.o ABSOLUTE
    __cpp_initialize__aeabi_                  - Undefined Weak Reference
    __cxa_finalize                            - Undefined Weak Reference
    __decompress                              - Undefined Weak Reference
    _clock_init                               - Undefined Weak Reference
    _microlib_exit                            - Undefined Weak Reference
    __Vectors_Size                           0x000001f8   Number         0  startup_stm32f767xx.o ABSOLUTE
    __Vectors                                0x08000000   Data           4  startup_stm32f767xx.o(RESET)
    __Vectors_End                            0x080001f8   Data           0  startup_stm32f767xx.o(RESET)
    __main                                   0x080001f9   Thumb Code     0  entry.o(.ARM.Collect$$$$00000000)
    _main_stk                                0x080001f9   Thumb Code     0  entry2.o(.ARM.Collect$$$$00000001)
    _main_scatterload                        0x080001fd   Thumb Code     0  entry5.o(.ARM.Collect$$$$00000004)
    __main_after_scatterload                 0x08000201   Thumb Code     0  entry5.o(.ARM.Collect$$$$00000004)
    _main_clock                              0x08000201   Thumb Code     0  entry7b.o(.ARM.Collect$$$$00000008)
    _main_cpp_init                           0x08000201   Thumb Code     0  entry8b.o(.ARM.Collect$$$$0000000A)
    _main_init                               0x08000201   Thumb Code     0  entry9a.o(.ARM.Collect$$$$0000000B)
    __rt_final_cpp                           0x08000209   Thumb Code     0  entry10a.o(.ARM.Collect$$$$0000000D)
    __rt_final_exit                          0x08000209   Thumb Code     0  entry11a.o(.ARM.Collect$$$$0000000F)
    Reset_Handler                            0x0800020d   Thumb Code     8  startup_stm32f767xx.o(.text)
    NMI_Handler                              0x08000215   Thumb Code     2  startup_stm32f767xx.o(.text)
    HardFault_Handler                        0x08000217   Thumb Code     2  startup_stm32f767xx.o(.text)
    MemManage_Handler                        0x08000219   Thumb Code     2  startup_stm32f767xx.o(.text)
    BusFault_Handler                         0x0800021b   Thumb Code     2  startup_stm32f767xx.o(.text)
    UsageFault_Handler                       0x0800021d   Thumb Code     2  startup_stm32f767xx.o(.text)
    SVC_Handler                              0x0800021f   Thumb Code     2  startup_stm32f767xx.o(.text)
    DebugMon_Handler                         0x08000221   Thumb Code     2  startup_stm32f767xx.o(.text)
    PendSV_Handler                           0x08000223   Thumb Code     2  startup_stm32f767xx.o(.text)
    CAN1_RX0_IRQHandler                      0x08000227   Thumb Code     0  startup_stm32f767xx.o(.text)
    CAN1_RX1_IRQHandler                      0x08000227   Thumb Code     0  startup_stm32f767xx.o(.text)
    CAN1_SCE_IRQHandler                      0x08000227   Thumb Code     0  startup_stm32f767xx.o(.text)
    CAN1_TX_IRQHandler                       0x08000227   Thumb Code     0  startup_stm32f767xx.o(.text)
    CAN2_RX0_IRQHandler                      0x08000227   Thumb Code     0  startup_stm32f767xx.o(.text)
    CAN2_RX1_IRQHandler                      0x08000227   Thumb Code     0  startup_stm32f767xx.o(.text)
    CAN2_SCE_IRQHandler                      0x08000227   Thumb Code     0  startup_stm32f767xx.o(.text)
    CAN2_TX_IRQHandler                       0x08000227   Thumb Code     0  startup_stm32f767xx.o(.text)
    CAN3_RX0_IRQHandler                      0x08000227   Thumb Code     0  startup_stm32f767xx.o(.text)
    CAN3_RX1_IRQHandler                      0x08000227   Thumb Code     0  startup_stm32f767xx.o(.text)
    CAN3_SCE_IRQHandler                      0x08000227   Thumb Code     0  startup_stm32f767xx.o(.text)
    CAN3_TX_IRQHandler                       0x08000227   Thumb Code     0  startup_stm32f767xx.o(.text)
    CEC_IRQHandler                           0x08000227   Thumb Code     0  startup_stm32f767xx.o(.text)
    DCMI_IRQHandler                          0x08000227   Thumb Code     0  startup_stm32f767xx.o(.text)
    DFSDM1_FLT0_IRQHandler                   0x08000227   Thumb Code     0  startup_stm32f767xx.o(.text)
    DFSDM1_FLT1_IRQHandler                   0x08000227   Thumb Code     0  startup_stm32f767xx.o(.text)
    DFSDM1_FLT2_IRQHandler                   0x08000227   Thumb Code     0  startup_stm32f767xx.o(.text)
    DFSDM1_FLT3_IRQHandler                   0x08000227   Thumb Code     0  startup_stm32f767xx.o(.text)
    DMA1_Stream0_IRQHandler                  0x08000227   Thumb Code     0  startup_stm32f767xx.o(.text)
    DMA1_Stream1_IRQHandler                  0x08000227   Thumb Code     0  startup_stm32f767xx.o(.text)
    DMA1_Stream2_IRQHandler                  0x08000227   Thumb Code     0  startup_stm32f767xx.o(.text)
    DMA1_Stream3_IRQHandler                  0x08000227   Thumb Code     0  startup_stm32f767xx.o(.text)
    DMA1_Stream4_IRQHandler                  0x08000227   Thumb Code     0  startup_stm32f767xx.o(.text)
    DMA1_Stream5_IRQHandler                  0x08000227   Thumb Code     0  startup_stm32f767xx.o(.text)
    DMA1_Stream6_IRQHandler                  0x08000227   Thumb Code     0  startup_stm32f767xx.o(.text)
    DMA1_Stream7_IRQHandler                  0x08000227   Thumb Code     0  startup_stm32f767xx.o(.text)
    DMA2D_IRQHandler                         0x08000227   Thumb Code     0  startup_stm32f767xx.o(.text)
    DMA2_Stream0_IRQHandler                  0x08000227   Thumb Code     0  startup_stm32f767xx.o(.text)
    DMA2_Stream1_IRQHandler                  0x08000227   Thumb Code     0  startup_stm32f767xx.o(.text)
    DMA2_Stream2_IRQHandler                  0x08000227   Thumb Code     0  startup_stm32f767xx.o(.text)
    DMA2_Stream3_IRQHandler                  0x08000227   Thumb Code     0  startup_stm32f767xx.o(.text)
    DMA2_Stream4_IRQHandler                  0x08000227   Thumb Code     0  startup_stm32f767xx.o(.text)
    DMA2_Stream5_IRQHandler                  0x08000227   Thumb Code     0  startup_stm32f767xx.o(.text)
    DMA2_Stream6_IRQHandler                  0x08000227   Thumb Code     0  startup_stm32f767xx.o(.text)
    DMA2_Stream7_IRQHandler                  0x08000227   Thumb Code     0  startup_stm32f767xx.o(.text)
    ETH_IRQHandler                           0x08000227   Thumb Code     0  startup_stm32f767xx.o(.text)
    ETH_WKUP_IRQHandler                      0x08000227   Thumb Code     0  startup_stm32f767xx.o(.text)
    EXTI0_IRQHandler                         0x08000227   Thumb Code     0  startup_stm32f767xx.o(.text)
    EXTI15_10_IRQHandler                     0x08000227   Thumb Code     0  startup_stm32f767xx.o(.text)
    EXTI1_IRQHandler                         0x08000227   Thumb Code     0  startup_stm32f767xx.o(.text)
    EXTI2_IRQHandler                         0x08000227   Thumb Code     0  startup_stm32f767xx.o(.text)
    EXTI3_IRQHandler                         0x08000227   Thumb Code     0  startup_stm32f767xx.o(.text)
    EXTI4_IRQHandler                         0x08000227   Thumb Code     0  startup_stm32f767xx.o(.text)
    EXTI9_5_IRQHandler                       0x08000227   Thumb Code     0  startup_stm32f767xx.o(.text)
    FLASH_IRQHandler                         0x08000227   Thumb Code     0  startup_stm32f767xx.o(.text)
    FMC_IRQHandler                           0x08000227   Thumb Code     0  startup_stm32f767xx.o(.text)
    FPU_IRQHandler                           0x08000227   Thumb Code     0  startup_stm32f767xx.o(.text)
    I2C1_ER_IRQHandler                       0x08000227   Thumb Code     0  startup_stm32f767xx.o(.text)
    I2C1_EV_IRQHandler                       0x08000227   Thumb Code     0  startup_stm32f767xx.o(.text)
    I2C2_ER_IRQHandler                       0x08000227   Thumb Code     0  startup_stm32f767xx.o(.text)
    I2C2_EV_IRQHandler                       0x08000227   Thumb Code     0  startup_stm32f767xx.o(.text)
    I2C3_ER_IRQHandler                       0x08000227   Thumb Code     0  startup_stm32f767xx.o(.text)
    I2C3_EV_IRQHandler                       0x08000227   Thumb Code     0  startup_stm32f767xx.o(.text)
    I2C4_ER_IRQHandler                       0x08000227   Thumb Code     0  startup_stm32f767xx.o(.text)
    I2C4_EV_IRQHandler                       0x08000227   Thumb Code     0  startup_stm32f767xx.o(.text)
    JPEG_IRQHandler                          0x08000227   Thumb Code     0  startup_stm32f767xx.o(.text)
    LPTIM1_IRQHandler                        0x08000227   Thumb Code     0  startup_stm32f767xx.o(.text)
    LTDC_ER_IRQHandler                       0x08000227   Thumb Code     0  startup_stm32f767xx.o(.text)
    LTDC_IRQHandler                          0x08000227   Thumb Code     0  startup_stm32f767xx.o(.text)
    MDIOS_IRQHandler                         0x08000227   Thumb Code     0  startup_stm32f767xx.o(.text)
    OTG_FS_IRQHandler                        0x08000227   Thumb Code     0  startup_stm32f767xx.o(.text)
    OTG_FS_WKUP_IRQHandler                   0x08000227   Thumb Code     0  startup_stm32f767xx.o(.text)
    OTG_HS_EP1_IN_IRQHandler                 0x08000227   Thumb Code     0  startup_stm32f767xx.o(.text)
    OTG_HS_EP1_OUT_IRQHandler                0x08000227   Thumb Code     0  startup_stm32f767xx.o(.text)
    OTG_HS_IRQHandler                        0x08000227   Thumb Code     0  startup_stm32f767xx.o(.text)
    OTG_HS_WKUP_IRQHandler                   0x08000227   Thumb Code     0  startup_stm32f767xx.o(.text)
    PVD_IRQHandler                           0x08000227   Thumb Code     0  startup_stm32f767xx.o(.text)
    QUADSPI_IRQHandler                       0x08000227   Thumb Code     0  startup_stm32f767xx.o(.text)
    RCC_IRQHandler                           0x08000227   Thumb Code     0  startup_stm32f767xx.o(.text)
    RNG_IRQHandler                           0x08000227   Thumb Code     0  startup_stm32f767xx.o(.text)
    RTC_Alarm_IRQHandler                     0x08000227   Thumb Code     0  startup_stm32f767xx.o(.text)
    RTC_WKUP_IRQHandler                      0x08000227   Thumb Code     0  startup_stm32f767xx.o(.text)
    SAI1_IRQHandler                          0x08000227   Thumb Code     0  startup_stm32f767xx.o(.text)
    SAI2_IRQHandler                          0x08000227   Thumb Code     0  startup_stm32f767xx.o(.text)
    SDMMC1_IRQHandler                        0x08000227   Thumb Code     0  startup_stm32f767xx.o(.text)
    SDMMC2_IRQHandler                        0x08000227   Thumb Code     0  startup_stm32f767xx.o(.text)
    SPDIF_RX_IRQHandler                      0x08000227   Thumb Code     0  startup_stm32f767xx.o(.text)
    SPI1_IRQHandler                          0x08000227   Thumb Code     0  startup_stm32f767xx.o(.text)
    SPI2_IRQHandler                          0x08000227   Thumb Code     0  startup_stm32f767xx.o(.text)
    SPI3_IRQHandler                          0x08000227   Thumb Code     0  startup_stm32f767xx.o(.text)
    SPI4_IRQHandler                          0x08000227   Thumb Code     0  startup_stm32f767xx.o(.text)
    SPI5_IRQHandler                          0x08000227   Thumb Code     0  startup_stm32f767xx.o(.text)
    SPI6_IRQHandler                          0x08000227   Thumb Code     0  startup_stm32f767xx.o(.text)
    TAMP_STAMP_IRQHandler                    0x08000227   Thumb Code     0  startup_stm32f767xx.o(.text)
    TIM1_BRK_TIM9_IRQHandler                 0x08000227   Thumb Code     0  startup_stm32f767xx.o(.text)
    TIM1_CC_IRQHandler                       0x08000227   Thumb Code     0  startup_stm32f767xx.o(.text)
    TIM1_TRG_COM_TIM11_IRQHandler            0x08000227   Thumb Code     0  startup_stm32f767xx.o(.text)
    TIM1_UP_TIM10_IRQHandler                 0x08000227   Thumb Code     0  startup_stm32f767xx.o(.text)
    TIM3_IRQHandler                          0x08000227   Thumb Code     0  startup_stm32f767xx.o(.text)
    TIM4_IRQHandler                          0x08000227   Thumb Code     0  startup_stm32f767xx.o(.text)
    TIM5_IRQHandler                          0x08000227   Thumb Code     0  startup_stm32f767xx.o(.text)
    TIM6_DAC_IRQHandler                      0x08000227   Thumb Code     0  startup_stm32f767xx.o(.text)
    TIM7_IRQHandler                          0x08000227   Thumb Code     0  startup_stm32f767xx.o(.text)
    TIM8_BRK_TIM12_IRQHandler                0x08000227   Thumb Code     0  startup_stm32f767xx.o(.text)
    TIM8_CC_IRQHandler                       0x08000227   Thumb Code     0  startup_stm32f767xx.o(.text)
    TIM8_TRG_COM_TIM14_IRQHandler            0x08000227   Thumb Code     0  startup_stm32f767xx.o(.text)
    TIM8_UP_TIM13_IRQHandler                 0x08000227   Thumb Code     0  startup_stm32f767xx.o(.text)
    UART4_IRQHandler                         0x08000227   Thumb Code     0  startup_stm32f767xx.o(.text)
    UART5_IRQHandler                         0x08000227   Thumb Code     0  startup_stm32f767xx.o(.text)
    UART7_IRQHandler                         0x08000227   Thumb Code     0  startup_stm32f767xx.o(.text)
    UART8_IRQHandler                         0x08000227   Thumb Code     0  startup_stm32f767xx.o(.text)
    USART6_IRQHandler                        0x08000227   Thumb Code     0  startup_stm32f767xx.o(.text)
    WWDG_IRQHandler                          0x08000227   Thumb Code     0  startup_stm32f767xx.o(.text)
    __aeabi_uidiv                            0x08000231   Thumb Code     0  uidiv.o(.text)
    __aeabi_uidivmod                         0x08000231   Thumb Code    44  uidiv.o(.text)
    __scatterload                            0x0800025d   Thumb Code    28  init.o(.text)
    __scatterload_rt2                        0x0800025d   Thumb Code     0  init.o(.text)
    ADC_IRQHandler                           0x08000281   Thumb Code     6  stm32f7xx_it.o(i.ADC_IRQHandler)
    Get_adc                                  0x080003c5   Thumb Code    46  main.o(i.Get_adc)
    HAL_ADCEx_InjectedConvCpltCallback       0x080003f9   Thumb Code     2  stm32f7xx_hal_adc_ex.o(i.HAL_ADCEx_InjectedConvCpltCallback)
    HAL_ADC_ConfigChannel                    0x080003fd   Thumb Code   338  stm32f7xx_hal_adc.o(i.HAL_ADC_ConfigChannel)
    HAL_ADC_ConvCpltCallback                 0x08000561   Thumb Code     2  stm32f7xx_hal_adc.o(i.HAL_ADC_ConvCpltCallback)
    HAL_ADC_ErrorCallback                    0x08000563   Thumb Code     2  stm32f7xx_hal_adc.o(i.HAL_ADC_ErrorCallback)
    HAL_ADC_GetValue                         0x08000565   Thumb Code     6  stm32f7xx_hal_adc.o(i.HAL_ADC_GetValue)
    HAL_ADC_IRQHandler                       0x0800056b   Thumb Code   316  stm32f7xx_hal_adc.o(i.HAL_ADC_IRQHandler)
    HAL_ADC_Init                             0x080006a7   Thumb Code    84  stm32f7xx_hal_adc.o(i.HAL_ADC_Init)
    HAL_ADC_LevelOutOfWindowCallback         0x080006fb   Thumb Code     2  stm32f7xx_hal_adc.o(i.HAL_ADC_LevelOutOfWindowCallback)
    HAL_ADC_MspInit                          0x080006fd   Thumb Code    68  stm32f7xx_hal_msp.o(i.HAL_ADC_MspInit)
    HAL_ADC_PollForConversion                0x0800074d   Thumb Code   160  stm32f7xx_hal_adc.o(i.HAL_ADC_PollForConversion)
    HAL_ADC_Start                            0x080007ed   Thumb Code   170  stm32f7xx_hal_adc.o(i.HAL_ADC_Start)
    HAL_DMA_Abort_IT                         0x080008a5   Thumb Code    36  stm32f7xx_hal_dma.o(i.HAL_DMA_Abort_IT)
    HAL_Delay                                0x080008c9   Thumb Code    22  stm32f7xx_hal.o(i.HAL_Delay)
    HAL_GPIO_Init                            0x080008e1   Thumb Code   418  stm32f7xx_hal_gpio.o(i.HAL_GPIO_Init)
    HAL_GPIO_TogglePin                       0x08000ab9   Thumb Code     8  stm32f7xx_hal_gpio.o(i.HAL_GPIO_TogglePin)
    HAL_GPIO_WritePin                        0x08000ac1   Thumb Code    10  stm32f7xx_hal_gpio.o(i.HAL_GPIO_WritePin)
    HAL_GetTick                              0x08000acd   Thumb Code     6  stm32f7xx_hal.o(i.HAL_GetTick)
    HAL_IncTick                              0x08000ad9   Thumb Code    10  stm32f7xx_hal.o(i.HAL_IncTick)
    HAL_Init                                 0x08000ae9   Thumb Code    22  stm32f7xx_hal.o(i.HAL_Init)
    HAL_InitTick                             0x08000b01   Thumb Code    34  stm32f7xx_hal.o(i.HAL_InitTick)
    HAL_MspInit                              0x08000b29   Thumb Code    88  stm32f7xx_hal_msp.o(i.HAL_MspInit)
    HAL_NVIC_EnableIRQ                       0x08000b81   Thumb Code    22  stm32f7xx_hal_cortex.o(i.HAL_NVIC_EnableIRQ)
    HAL_NVIC_SetPriority                     0x08000b99   Thumb Code    60  stm32f7xx_hal_cortex.o(i.HAL_NVIC_SetPriority)
    HAL_NVIC_SetPriorityGrouping             0x08000bd9   Thumb Code    28  stm32f7xx_hal_cortex.o(i.HAL_NVIC_SetPriorityGrouping)
    HAL_PWREx_EnableOverDrive                0x08000bfd   Thumb Code   100  stm32f7xx_hal_pwr_ex.o(i.HAL_PWREx_EnableOverDrive)
    HAL_RCCEx_PeriphCLKConfig                0x08000c69   Thumb Code  1816  stm32f7xx_hal_rcc_ex.o(i.HAL_RCCEx_PeriphCLKConfig)
    HAL_RCC_ClockConfig                      0x08001385   Thumb Code   338  stm32f7xx_hal_rcc.o(i.HAL_RCC_ClockConfig)
    HAL_RCC_GetHCLKFreq                      0x080014e9   Thumb Code     6  stm32f7xx_hal_rcc.o(i.HAL_RCC_GetHCLKFreq)
    HAL_RCC_GetPCLK1Freq                     0x080014f5   Thumb Code    34  stm32f7xx_hal_rcc.o(i.HAL_RCC_GetPCLK1Freq)
    HAL_RCC_GetPCLK2Freq                     0x08001525   Thumb Code    34  stm32f7xx_hal_rcc.o(i.HAL_RCC_GetPCLK2Freq)
    HAL_RCC_GetSysClockFreq                  0x08001555   Thumb Code   120  stm32f7xx_hal_rcc.o(i.HAL_RCC_GetSysClockFreq)
    HAL_RCC_OscConfig                        0x080015d5   Thumb Code   870  stm32f7xx_hal_rcc.o(i.HAL_RCC_OscConfig)
    HAL_SYSTICK_CLKSourceConfig              0x08001945   Thumb Code    24  stm32f7xx_hal_cortex.o(i.HAL_SYSTICK_CLKSourceConfig)
    HAL_SYSTICK_Callback                     0x0800195d   Thumb Code     2  stm32f7xx_hal_cortex.o(i.HAL_SYSTICK_Callback)
    HAL_SYSTICK_Config                       0x0800195f   Thumb Code    38  stm32f7xx_hal_cortex.o(i.HAL_SYSTICK_Config)
    HAL_SYSTICK_IRQHandler                   0x08001985   Thumb Code     8  stm32f7xx_hal_cortex.o(i.HAL_SYSTICK_IRQHandler)
    HAL_TIMEx_BreakCallback                  0x0800198d   Thumb Code     2  stm32f7xx_hal_tim_ex.o(i.HAL_TIMEx_BreakCallback)
    HAL_TIMEx_CommutationCallback            0x0800198f   Thumb Code     2  stm32f7xx_hal_tim_ex.o(i.HAL_TIMEx_CommutationCallback)
    HAL_TIMEx_MasterConfigSynchronization    0x08001991   Thumb Code    78  stm32f7xx_hal_tim_ex.o(i.HAL_TIMEx_MasterConfigSynchronization)
    HAL_TIM_Base_Init                        0x080019e9   Thumb Code    54  stm32f7xx_hal_tim.o(i.HAL_TIM_Base_Init)
    HAL_TIM_Base_MspInit                     0x08001a21   Thumb Code    50  stm32f7xx_hal_msp.o(i.HAL_TIM_Base_MspInit)
    HAL_TIM_ConfigClockSource                0x08001a59   Thumb Code   246  stm32f7xx_hal_tim.o(i.HAL_TIM_ConfigClockSource)
    HAL_TIM_Encoder_Init                     0x08001b55   Thumb Code   162  stm32f7xx_hal_tim.o(i.HAL_TIM_Encoder_Init)
    HAL_TIM_Encoder_MspInit                  0x08001bfd   Thumb Code    56  stm32f7xx_hal_msp.o(i.HAL_TIM_Encoder_MspInit)
    HAL_TIM_Encoder_Start                    0x08001c41   Thumb Code    52  stm32f7xx_hal_tim.o(i.HAL_TIM_Encoder_Start)
    HAL_TIM_IC_CaptureCallback               0x08001c75   Thumb Code     2  stm32f7xx_hal_tim.o(i.HAL_TIM_IC_CaptureCallback)
    HAL_TIM_IRQHandler                       0x08001c77   Thumb Code   382  stm32f7xx_hal_tim.o(i.HAL_TIM_IRQHandler)
    HAL_TIM_MspPostInit                      0x08001df5   Thumb Code    38  stm32f7xx_hal_msp.o(i.HAL_TIM_MspPostInit)
    HAL_TIM_OC_DelayElapsedCallback          0x08001e25   Thumb Code     2  stm32f7xx_hal_tim.o(i.HAL_TIM_OC_DelayElapsedCallback)
    HAL_TIM_PWM_ConfigChannel                0x08001e27   Thumb Code   296  stm32f7xx_hal_tim_ex.o(i.HAL_TIM_PWM_ConfigChannel)
    HAL_TIM_PWM_Init                         0x08001f4f   Thumb Code    54  stm32f7xx_hal_tim.o(i.HAL_TIM_PWM_Init)
    HAL_TIM_PWM_MspInit                      0x08001f85   Thumb Code    30  stm32f7xx_hal_msp.o(i.HAL_TIM_PWM_MspInit)
    HAL_TIM_PWM_PulseFinishedCallback        0x08001fad   Thumb Code     2  stm32f7xx_hal_tim.o(i.HAL_TIM_PWM_PulseFinishedCallback)
    HAL_TIM_PWM_Start                        0x08001fb1   Thumb Code    48  stm32f7xx_hal_tim.o(i.HAL_TIM_PWM_Start)
    HAL_TIM_PeriodElapsedCallback            0x08001fe9   Thumb Code     2  stm32f7xx_hal_tim.o(i.HAL_TIM_PeriodElapsedCallback)
    HAL_TIM_TriggerCallback                  0x08001feb   Thumb Code     2  stm32f7xx_hal_tim.o(i.HAL_TIM_TriggerCallback)
    HAL_UART_ErrorCallback                   0x08001fed   Thumb Code     2  stm32f7xx_hal_uart.o(i.HAL_UART_ErrorCallback)
    HAL_UART_IRQHandler                      0x08001ff1   Thumb Code   372  stm32f7xx_hal_uart.o(i.HAL_UART_IRQHandler)
    HAL_UART_Init                            0x08002169   Thumb Code   106  stm32f7xx_hal_uart.o(i.HAL_UART_Init)
    HAL_UART_MspInit                         0x080021d5   Thumb Code   156  stm32f7xx_hal_msp.o(i.HAL_UART_MspInit)
    HAL_UART_RxCpltCallback                  0x08002285   Thumb Code     2  stm32f7xx_hal_uart.o(i.HAL_UART_RxCpltCallback)
    HAL_UART_Transmit                        0x08002289   Thumb Code   182  stm32f7xx_hal_uart.o(i.HAL_UART_Transmit)
    HAL_UART_TxCpltCallback                  0x0800233f   Thumb Code     2  stm32f7xx_hal_uart.o(i.HAL_UART_TxCpltCallback)
    HAL_USART_ErrorCallback                  0x08002341   Thumb Code     2  stm32f7xx_hal_usart.o(i.HAL_USART_ErrorCallback)
    HAL_USART_IRQHandler                     0x08002345   Thumb Code   398  stm32f7xx_hal_usart.o(i.HAL_USART_IRQHandler)
    HAL_USART_Init                           0x080024d9   Thumb Code   144  stm32f7xx_hal_usart.o(i.HAL_USART_Init)
    HAL_USART_MspInit                        0x08002569   Thumb Code    86  stm32f7xx_hal_msp.o(i.HAL_USART_MspInit)
    HAL_USART_RxCpltCallback                 0x080025d1   Thumb Code     2  stm32f7xx_hal_usart.o(i.HAL_USART_RxCpltCallback)
    HAL_USART_TxCpltCallback                 0x080025d3   Thumb Code     2  stm32f7xx_hal_usart.o(i.HAL_USART_TxCpltCallback)
    HAL_USART_TxRxCpltCallback               0x080025d5   Thumb Code     2  stm32f7xx_hal_usart.o(i.HAL_USART_TxRxCpltCallback)
    SysTick_Handler                          0x0800293f   Thumb Code    14  stm32f7xx_it.o(i.SysTick_Handler)
    SystemClock_Config                       0x0800294d   Thumb Code   186  main.o(i.SystemClock_Config)
    SystemInit                               0x08002a11   Thumb Code    68  system_stm32f7xx.o(i.SystemInit)
    TIM2_IRQHandler                          0x08002a65   Thumb Code     6  stm32f7xx_it.o(i.TIM2_IRQHandler)
    TIM_Base_SetConfig                       0x08002a71   Thumb Code   158  stm32f7xx_hal_tim.o(i.TIM_Base_SetConfig)
    TIM_CCxChannelCmd                        0x08002b3d   Thumb Code    22  stm32f7xx_hal_tim.o(i.TIM_CCxChannelCmd)
    TIM_ETR_SetConfig                        0x08002b53   Thumb Code    18  stm32f7xx_hal_tim.o(i.TIM_ETR_SetConfig)
    TIM_OC1_SetConfig                        0x08002b75   Thumb Code    90  stm32f7xx_hal_tim.o(i.TIM_OC1_SetConfig)
    TIM_OC2_SetConfig                        0x08002bdd   Thumb Code    96  stm32f7xx_hal_tim.o(i.TIM_OC2_SetConfig)
    TIM_OC3_SetConfig                        0x08002c49   Thumb Code    96  stm32f7xx_hal_tim.o(i.TIM_OC3_SetConfig)
    TIM_OC4_SetConfig                        0x08002cb5   Thumb Code    76  stm32f7xx_hal_tim.o(i.TIM_OC4_SetConfig)
    UART_AdvFeatureConfig                    0x08002e03   Thumb Code   200  stm32f7xx_hal_uart.o(i.UART_AdvFeatureConfig)
    UART_CheckIdleState                      0x08002ecb   Thumb Code    64  stm32f7xx_hal_uart.o(i.UART_CheckIdleState)
    UART_SetConfig                           0x08002fb5   Thumb Code   550  stm32f7xx_hal_uart.o(i.UART_SetConfig)
    UART_WaitOnFlagUntilTimeout              0x0800320d   Thumb Code   100  stm32f7xx_hal_uart.o(i.UART_WaitOnFlagUntilTimeout)
    USART1_IRQHandler                        0x08003271   Thumb Code     6  stm32f7xx_it.o(i.USART1_IRQHandler)
    USART2_IRQHandler                        0x0800327d   Thumb Code     6  stm32f7xx_it.o(i.USART2_IRQHandler)
    USART3_IRQHandler                        0x08003289   Thumb Code     6  stm32f7xx_it.o(i.USART3_IRQHandler)
    __0printf$1                              0x080035a5   Thumb Code    22  printf1.o(i.__0printf$1)
    __1printf$1                              0x080035a5   Thumb Code     0  printf1.o(i.__0printf$1)
    __2printf                                0x080035a5   Thumb Code     0  printf1.o(i.__0printf$1)
    __scatterload_copy                       0x080035c5   Thumb Code    14  handlers.o(i.__scatterload_copy)
    __scatterload_null                       0x080035d3   Thumb Code     2  handlers.o(i.__scatterload_null)
    __scatterload_zeroinit                   0x080035d5   Thumb Code    14  handlers.o(i.__scatterload_zeroinit)
    fputc                                    0x08003739   Thumb Code    20  main.o(i.fputc)
    main                                     0x08003751   Thumb Code   194  main.o(i.main)
    AHBPrescTable                            0x08003844   Data          16  system_stm32f7xx.o(.constdata)
    APBPrescTable                            0x08003854   Data           8  system_stm32f7xx.o(.constdata)
    Region$$Table$$Base                      0x0800385c   Number         0  anon$$obj.o(Region$$Table)
    Region$$Table$$Limit                     0x0800387c   Number         0  anon$$obj.o(Region$$Table)
    uwTick                                   0x20000000   Data           4  stm32f7xx_hal.o(.data)
    SystemCoreClock                          0x20000004   Data           4  system_stm32f7xx.o(.data)
    adc_value1                               0x20000008   Data           2  main.o(.data)
    encoder_cnt                              0x2000000a   Data           2  main.o(.data)
    pwm_t                                    0x2000000c   Data           4  main.o(.data)
    __stdout                                 0x20000010   Data           4  stdout.o(.data)
    hadc1                                    0x20000014   Data          72  main.o(.bss)
    htim2                                    0x2000005c   Data          64  main.o(.bss)
    htim3                                    0x2000009c   Data          64  main.o(.bss)
    htim8                                    0x200000dc   Data          64  main.o(.bss)
    huart1                                   0x2000011c   Data         112  main.o(.bss)
    husart2                                  0x2000018c   Data          76  main.o(.bss)
    huart3                                   0x200001d8   Data         112  main.o(.bss)
    __initial_sp                             0x20000648   Data           0  startup_stm32f767xx.o(STACK)



==============================================================================

Memory Map of the image

  Image Entry point : 0x080001f9

  Load Region LR_IROM1 (Base: 0x08000000, Size: 0x00003890, Max: 0x00200000, ABSOLUTE)

    Execution Region ER_IROM1 (Base: 0x08000000, Size: 0x0000387c, Max: 0x00200000, ABSOLUTE)

    Base Addr    Size         Type   Attr      Idx    E Section Name        Object

    0x08000000   0x000001f8   Data   RO         3671    RESET               startup_stm32f767xx.o
    0x080001f8   0x00000000   Code   RO         3676  * .ARM.Collect$$$$00000000  mc_w.l(entry.o)
    0x080001f8   0x00000004   Code   RO         3940    .ARM.Collect$$$$00000001  mc_w.l(entry2.o)
    0x080001fc   0x00000004   Code   RO         3943    .ARM.Collect$$$$00000004  mc_w.l(entry5.o)
    0x08000200   0x00000000   Code   RO         3945    .ARM.Collect$$$$00000008  mc_w.l(entry7b.o)
    0x08000200   0x00000000   Code   RO         3947    .ARM.Collect$$$$0000000A  mc_w.l(entry8b.o)
    0x08000200   0x00000008   Code   RO         3948    .ARM.Collect$$$$0000000B  mc_w.l(entry9a.o)
    0x08000208   0x00000000   Code   RO         3950    .ARM.Collect$$$$0000000D  mc_w.l(entry10a.o)
    0x08000208   0x00000000   Code   RO         3952    .ARM.Collect$$$$0000000F  mc_w.l(entry11a.o)
    0x08000208   0x00000004   Code   RO         3941    .ARM.Collect$$$$00002712  mc_w.l(entry2.o)
    0x0800020c   0x00000024   Code   RO         3672    .text               startup_stm32f767xx.o
    0x08000230   0x0000002c   Code   RO         3955    .text               mc_w.l(uidiv.o)
    0x0800025c   0x00000024   Code   RO         3970    .text               mc_w.l(init.o)
    0x08000280   0x0000000c   Code   RO         3578    i.ADC_IRQHandler    stm32f7xx_it.o
    0x0800028c   0x00000138   Code   RO         1317    i.ADC_Init          stm32f7xx_hal_adc.o
    0x080003c4   0x00000034   Code   RO         3485    i.Get_adc           main.o
    0x080003f8   0x00000002   Code   RO         1488    i.HAL_ADCEx_InjectedConvCpltCallback  stm32f7xx_hal_adc_ex.o
    0x080003fa   0x00000002   PAD
    0x080003fc   0x00000164   Code   RO         1319    i.HAL_ADC_ConfigChannel  stm32f7xx_hal_adc.o
    0x08000560   0x00000002   Code   RO         1320    i.HAL_ADC_ConvCpltCallback  stm32f7xx_hal_adc.o
    0x08000562   0x00000002   Code   RO         1323    i.HAL_ADC_ErrorCallback  stm32f7xx_hal_adc.o
    0x08000564   0x00000006   Code   RO         1326    i.HAL_ADC_GetValue  stm32f7xx_hal_adc.o
    0x0800056a   0x0000013c   Code   RO         1327    i.HAL_ADC_IRQHandler  stm32f7xx_hal_adc.o
    0x080006a6   0x00000054   Code   RO         1328    i.HAL_ADC_Init      stm32f7xx_hal_adc.o
    0x080006fa   0x00000002   Code   RO         1329    i.HAL_ADC_LevelOutOfWindowCallback  stm32f7xx_hal_adc.o
    0x080006fc   0x00000050   Code   RO         3383    i.HAL_ADC_MspInit   stm32f7xx_hal_msp.o
    0x0800074c   0x000000a0   Code   RO         1332    i.HAL_ADC_PollForConversion  stm32f7xx_hal_adc.o
    0x080007ec   0x000000b8   Code   RO         1334    i.HAL_ADC_Start     stm32f7xx_hal_adc.o
    0x080008a4   0x00000024   Code   RO          933    i.HAL_DMA_Abort_IT  stm32f7xx_hal_dma.o
    0x080008c8   0x00000016   Code   RO         2304    i.HAL_Delay         stm32f7xx_hal.o
    0x080008de   0x00000002   PAD
    0x080008e0   0x000001d8   Code   RO         2234    i.HAL_GPIO_Init     stm32f7xx_hal_gpio.o
    0x08000ab8   0x00000008   Code   RO         2237    i.HAL_GPIO_TogglePin  stm32f7xx_hal_gpio.o
    0x08000ac0   0x0000000a   Code   RO         2238    i.HAL_GPIO_WritePin  stm32f7xx_hal_gpio.o
    0x08000aca   0x00000002   PAD
    0x08000acc   0x0000000c   Code   RO         2314    i.HAL_GetTick       stm32f7xx_hal.o
    0x08000ad8   0x00000010   Code   RO         2315    i.HAL_IncTick       stm32f7xx_hal.o
    0x08000ae8   0x00000016   Code   RO         2316    i.HAL_Init          stm32f7xx_hal.o
    0x08000afe   0x00000002   PAD
    0x08000b00   0x00000028   Code   RO         2317    i.HAL_InitTick      stm32f7xx_hal.o
    0x08000b28   0x00000058   Code   RO         3384    i.HAL_MspInit       stm32f7xx_hal_msp.o
    0x08000b80   0x00000016   Code   RO          799    i.HAL_NVIC_EnableIRQ  stm32f7xx_hal_cortex.o
    0x08000b96   0x00000002   PAD
    0x08000b98   0x00000040   Code   RO          805    i.HAL_NVIC_SetPriority  stm32f7xx_hal_cortex.o
    0x08000bd8   0x00000024   Code   RO          806    i.HAL_NVIC_SetPriorityGrouping  stm32f7xx_hal_cortex.o
    0x08000bfc   0x0000006c   Code   RO         1717    i.HAL_PWREx_EnableOverDrive  stm32f7xx_hal_pwr_ex.o
    0x08000c68   0x0000071c   Code   RO          760    i.HAL_RCCEx_PeriphCLKConfig  stm32f7xx_hal_rcc_ex.o
    0x08001384   0x00000164   Code   RO         2790    i.HAL_RCC_ClockConfig  stm32f7xx_hal_rcc.o
    0x080014e8   0x0000000c   Code   RO         2795    i.HAL_RCC_GetHCLKFreq  stm32f7xx_hal_rcc.o
    0x080014f4   0x00000030   Code   RO         2797    i.HAL_RCC_GetPCLK1Freq  stm32f7xx_hal_rcc.o
    0x08001524   0x00000030   Code   RO         2798    i.HAL_RCC_GetPCLK2Freq  stm32f7xx_hal_rcc.o
    0x08001554   0x00000080   Code   RO         2799    i.HAL_RCC_GetSysClockFreq  stm32f7xx_hal_rcc.o
    0x080015d4   0x00000370   Code   RO         2802    i.HAL_RCC_OscConfig  stm32f7xx_hal_rcc.o
    0x08001944   0x00000018   Code   RO          808    i.HAL_SYSTICK_CLKSourceConfig  stm32f7xx_hal_cortex.o
    0x0800195c   0x00000002   Code   RO          809    i.HAL_SYSTICK_Callback  stm32f7xx_hal_cortex.o
    0x0800195e   0x00000026   Code   RO          810    i.HAL_SYSTICK_Config  stm32f7xx_hal_cortex.o
    0x08001984   0x00000008   Code   RO          811    i.HAL_SYSTICK_IRQHandler  stm32f7xx_hal_cortex.o
    0x0800198c   0x00000002   Code   RO         1035    i.HAL_TIMEx_BreakCallback  stm32f7xx_hal_tim_ex.o
    0x0800198e   0x00000002   Code   RO         1036    i.HAL_TIMEx_CommutationCallback  stm32f7xx_hal_tim_ex.o
    0x08001990   0x00000058   Code   RO         1054    i.HAL_TIMEx_MasterConfigSynchronization  stm32f7xx_hal_tim_ex.o
    0x080019e8   0x00000036   Code   RO            6    i.HAL_TIM_Base_Init  stm32f7xx_hal_tim.o
    0x08001a1e   0x00000002   PAD
    0x08001a20   0x00000038   Code   RO         3386    i.HAL_TIM_Base_MspInit  stm32f7xx_hal_msp.o
    0x08001a58   0x000000fc   Code   RO           15    i.HAL_TIM_ConfigClockSource  stm32f7xx_hal_tim.o
    0x08001b54   0x000000a8   Code   RO           24    i.HAL_TIM_Encoder_Init  stm32f7xx_hal_tim.o
    0x08001bfc   0x00000044   Code   RO         3388    i.HAL_TIM_Encoder_MspInit  stm32f7xx_hal_msp.o
    0x08001c40   0x00000034   Code   RO           27    i.HAL_TIM_Encoder_Start  stm32f7xx_hal_tim.o
    0x08001c74   0x00000002   Code   RO           35    i.HAL_TIM_IC_CaptureCallback  stm32f7xx_hal_tim.o
    0x08001c76   0x0000017e   Code   RO           48    i.HAL_TIM_IRQHandler  stm32f7xx_hal_tim.o
    0x08001df4   0x00000030   Code   RO         3389    i.HAL_TIM_MspPostInit  stm32f7xx_hal_msp.o
    0x08001e24   0x00000002   Code   RO           51    i.HAL_TIM_OC_DelayElapsedCallback  stm32f7xx_hal_tim.o
    0x08001e26   0x00000128   Code   RO         1074    i.HAL_TIM_PWM_ConfigChannel  stm32f7xx_hal_tim_ex.o
    0x08001f4e   0x00000036   Code   RO           75    i.HAL_TIM_PWM_Init  stm32f7xx_hal_tim.o
    0x08001f84   0x00000028   Code   RO         3391    i.HAL_TIM_PWM_MspInit  stm32f7xx_hal_msp.o
    0x08001fac   0x00000002   Code   RO           78    i.HAL_TIM_PWM_PulseFinishedCallback  stm32f7xx_hal_tim.o
    0x08001fae   0x00000002   PAD
    0x08001fb0   0x00000038   Code   RO           79    i.HAL_TIM_PWM_Start  stm32f7xx_hal_tim.o
    0x08001fe8   0x00000002   Code   RO           85    i.HAL_TIM_PeriodElapsedCallback  stm32f7xx_hal_tim.o
    0x08001fea   0x00000002   Code   RO           89    i.HAL_TIM_TriggerCallback  stm32f7xx_hal_tim.o
    0x08001fec   0x00000002   Code   RO         2525    i.HAL_UART_ErrorCallback  stm32f7xx_hal_uart.o
    0x08001fee   0x00000002   PAD
    0x08001ff0   0x00000178   Code   RO         2528    i.HAL_UART_IRQHandler  stm32f7xx_hal_uart.o
    0x08002168   0x0000006a   Code   RO         2529    i.HAL_UART_Init     stm32f7xx_hal_uart.o
    0x080021d2   0x00000002   PAD
    0x080021d4   0x000000b0   Code   RO         3393    i.HAL_UART_MspInit  stm32f7xx_hal_msp.o
    0x08002284   0x00000002   Code   RO         2535    i.HAL_UART_RxCpltCallback  stm32f7xx_hal_uart.o
    0x08002286   0x00000002   PAD
    0x08002288   0x000000b6   Code   RO         2537    i.HAL_UART_Transmit  stm32f7xx_hal_uart.o
    0x0800233e   0x00000002   Code   RO         2540    i.HAL_UART_TxCpltCallback  stm32f7xx_hal_uart.o
    0x08002340   0x00000002   Code   RO         2936    i.HAL_USART_ErrorCallback  stm32f7xx_hal_usart.o
    0x08002342   0x00000002   PAD
    0x08002344   0x00000194   Code   RO         2939    i.HAL_USART_IRQHandler  stm32f7xx_hal_usart.o
    0x080024d8   0x00000090   Code   RO         2940    i.HAL_USART_Init    stm32f7xx_hal_usart.o
    0x08002568   0x00000068   Code   RO         3395    i.HAL_USART_MspInit  stm32f7xx_hal_msp.o
    0x080025d0   0x00000002   Code   RO         2946    i.HAL_USART_RxCpltCallback  stm32f7xx_hal_usart.o
    0x080025d2   0x00000002   Code   RO         2954    i.HAL_USART_TxCpltCallback  stm32f7xx_hal_usart.o
    0x080025d4   0x00000002   Code   RO         2956    i.HAL_USART_TxRxCpltCallback  stm32f7xx_hal_usart.o
    0x080025d6   0x00000002   PAD
    0x080025d8   0x00000050   Code   RO         3486    i.MX_ADC1_Init      main.o
    0x08002628   0x00000178   Code   RO         3487    i.MX_GPIO_Init      main.o
    0x080027a0   0x00000050   Code   RO         3488    i.MX_TIM2_Init      main.o
    0x080027f0   0x00000060   Code   RO         3489    i.MX_TIM3_Init      main.o
    0x08002850   0x0000005c   Code   RO         3490    i.MX_TIM8_Init      main.o
    0x080028ac   0x00000038   Code   RO         3491    i.MX_USART1_UART_Init  main.o
    0x080028e4   0x00000038   Code   RO         3492    i.MX_USART3_UART_Init  main.o
    0x0800291c   0x00000022   Code   RO          812    i.NVIC_SetPriority  stm32f7xx_hal_cortex.o
    0x0800293e   0x0000000e   Code   RO         3579    i.SysTick_Handler   stm32f7xx_it.o
    0x0800294c   0x000000c4   Code   RO         3493    i.SystemClock_Config  main.o
    0x08002a10   0x00000054   Code   RO         3345    i.SystemInit        system_stm32f7xx.o
    0x08002a64   0x0000000c   Code   RO         3580    i.TIM2_IRQHandler   stm32f7xx_it.o
    0x08002a70   0x000000cc   Code   RO           90    i.TIM_Base_SetConfig  stm32f7xx_hal_tim.o
    0x08002b3c   0x00000016   Code   RO           91    i.TIM_CCxChannelCmd  stm32f7xx_hal_tim.o
    0x08002b52   0x00000012   Code   RO           97    i.TIM_ETR_SetConfig  stm32f7xx_hal_tim.o
    0x08002b64   0x00000010   Code   RO           98    i.TIM_ITRx_SetConfig  stm32f7xx_hal_tim.o
    0x08002b74   0x00000068   Code   RO           99    i.TIM_OC1_SetConfig  stm32f7xx_hal_tim.o
    0x08002bdc   0x0000006c   Code   RO          100    i.TIM_OC2_SetConfig  stm32f7xx_hal_tim.o
    0x08002c48   0x0000006c   Code   RO          101    i.TIM_OC3_SetConfig  stm32f7xx_hal_tim.o
    0x08002cb4   0x00000058   Code   RO          102    i.TIM_OC4_SetConfig  stm32f7xx_hal_tim.o
    0x08002d0c   0x00000058   Code   RO         1077    i.TIM_OC5_SetConfig  stm32f7xx_hal_tim_ex.o
    0x08002d64   0x00000058   Code   RO         1078    i.TIM_OC6_SetConfig  stm32f7xx_hal_tim_ex.o
    0x08002dbc   0x00000022   Code   RO          104    i.TIM_TI1_ConfigInputStage  stm32f7xx_hal_tim.o
    0x08002dde   0x00000024   Code   RO          106    i.TIM_TI2_ConfigInputStage  stm32f7xx_hal_tim.o
    0x08002e02   0x000000c8   Code   RO         2542    i.UART_AdvFeatureConfig  stm32f7xx_hal_uart.o
    0x08002eca   0x00000040   Code   RO         2543    i.UART_CheckIdleState  stm32f7xx_hal_uart.o
    0x08002f0a   0x00000014   Code   RO         2544    i.UART_DMAAbortOnError  stm32f7xx_hal_uart.o
    0x08002f1e   0x0000001c   Code   RO         2550    i.UART_EndRxTransfer  stm32f7xx_hal_uart.o
    0x08002f3a   0x00000078   Code   RO         2552    i.UART_Receive_IT   stm32f7xx_hal_uart.o
    0x08002fb2   0x00000002   PAD
    0x08002fb4   0x00000258   Code   RO         2553    i.UART_SetConfig    stm32f7xx_hal_uart.o
    0x0800320c   0x00000064   Code   RO         2554    i.UART_WaitOnFlagUntilTimeout  stm32f7xx_hal_uart.o
    0x08003270   0x0000000c   Code   RO         3581    i.USART1_IRQHandler  stm32f7xx_it.o
    0x0800327c   0x0000000c   Code   RO         3582    i.USART2_IRQHandler  stm32f7xx_it.o
    0x08003288   0x0000000c   Code   RO         3583    i.USART3_IRQHandler  stm32f7xx_it.o
    0x08003294   0x00000010   Code   RO         2957    i.USART_DMAAbortOnError  stm32f7xx_hal_usart.o
    0x080032a4   0x0000001c   Code   RO         2963    i.USART_EndRxTransfer  stm32f7xx_hal_usart.o
    0x080032c0   0x0000007c   Code   RO         2965    i.USART_Receive_IT  stm32f7xx_hal_usart.o
    0x0800333c   0x00000128   Code   RO         2966    i.USART_SetConfig   stm32f7xx_hal_usart.o
    0x08003464   0x000000ca   Code   RO         2967    i.USART_TransmitReceive_IT  stm32f7xx_hal_usart.o
    0x0800352e   0x00000074   Code   RO         2968    i.USART_WaitOnFlagUntilTimeout  stm32f7xx_hal_usart.o
    0x080035a2   0x00000002   PAD
    0x080035a4   0x00000020   Code   RO         3724    i.__0printf$1       mc_w.l(printf1.o)
    0x080035c4   0x0000000e   Code   RO         3982    i.__scatterload_copy  mc_w.l(handlers.o)
    0x080035d2   0x00000002   Code   RO         3983    i.__scatterload_null  mc_w.l(handlers.o)
    0x080035d4   0x0000000e   Code   RO         3984    i.__scatterload_zeroinit  mc_w.l(handlers.o)
    0x080035e2   0x00000002   PAD
    0x080035e4   0x00000154   Code   RO         3731    i._printf_core      mc_w.l(printf1.o)
    0x08003738   0x00000018   Code   RO         3495    i.fputc             main.o
    0x08003750   0x000000f4   Code   RO         3496    i.main              main.o
    0x08003844   0x00000010   Data   RO         3346    .constdata          system_stm32f7xx.o
    0x08003854   0x00000008   Data   RO         3347    .constdata          system_stm32f7xx.o
    0x0800385c   0x00000020   Data   RO         3980    Region$$Table       anon$$obj.o


    Execution Region RW_IRAM1 (Base: 0x20000000, Size: 0x00000648, Max: 0x00080000, ABSOLUTE)

    Base Addr    Size         Type   Attr      Idx    E Section Name        Object

    0x20000000   0x00000004   Data   RW         2322    .data               stm32f7xx_hal.o
    0x20000004   0x00000004   Data   RW         3348    .data               system_stm32f7xx.o
    0x20000008   0x00000008   Data   RW         3499    .data               main.o
    0x20000010   0x00000004   Data   RW         3954    .data               mc_w.l(stdout.o)
    0x20000014   0x00000234   Zero   RW         3497    .bss                main.o
    0x20000248   0x00000400   Zero   RW         3669    STACK               startup_stm32f767xx.o


==============================================================================

Image component sizes


      Code (inc. data)   RO Data    RW Data    ZI Data      Debug   Object Name

      1352        146          0          8        564       7712   main.o
        36          8        504          0       1024        808   startup_stm32f767xx.o
       112         18          0          4          0       3811   stm32f7xx_hal.o
      1424         42          0          0          0       7781   stm32f7xx_hal_adc.o
         2          0          0          0          0        985   stm32f7xx_hal_adc_ex.o
       228         12          0          0          0      37273   stm32f7xx_hal_cortex.o
        36          0          0          0          0       1235   stm32f7xx_hal_dma.o
       490         54          0          0          0       3201   stm32f7xx_hal_gpio.o
       660         88          0          0          0       5524   stm32f7xx_hal_msp.o
       108          8          0          0          0       1276   stm32f7xx_hal_pwr_ex.o
      1472         70          0          0          0       5708   stm32f7xx_hal_rcc.o
      1820         16          0          0          0       2488   stm32f7xx_hal_rcc_ex.o
      1766        116          0          0          0     897871   stm32f7xx_hal_tim.o
       564         38          0          0          0       5002   stm32f7xx_hal_tim_ex.o
      1802         74          0          0          0      11124   stm32f7xx_hal_uart.o
      1338         34          0          0          0      10145   stm32f7xx_hal_usart.o
        74         30          0          0          0       2809   stm32f7xx_it.o
        84         16         24          4          0       1239   system_stm32f7xx.o

    ----------------------------------------------------------------------
     13396        770        560         16       1588    1005992   Object Totals
         0          0         32          0          0          0   (incl. Generated)
        28          0          0          0          0          0   (incl. Padding)

    ----------------------------------------------------------------------

      Code (inc. data)   RO Data    RW Data    ZI Data      Debug   Library Member Name

         0          0          0          0          0          0   entry.o
         0          0          0          0          0          0   entry10a.o
         0          0          0          0          0          0   entry11a.o
         8          4          0          0          0          0   entry2.o
         4          0          0          0          0          0   entry5.o
         0          0          0          0          0          0   entry7b.o
         0          0          0          0          0          0   entry8b.o
         8          4          0          0          0          0   entry9a.o
        30          0          0          0          0          0   handlers.o
        36          8          0          0          0         68   init.o
       372         14          0          0          0        184   printf1.o
         0          0          0          4          0          0   stdout.o
        44          0          0          0          0         80   uidiv.o

    ----------------------------------------------------------------------
       504         30          0          4          0        332   Library Totals
         2          0          0          0          0          0   (incl. Padding)

    ----------------------------------------------------------------------

      Code (inc. data)   RO Data    RW Data    ZI Data      Debug   Library Name

       502         30          0          4          0        332   mc_w.l

    ----------------------------------------------------------------------
       504         30          0          4          0        332   Library Totals

    ----------------------------------------------------------------------

==============================================================================


      Code (inc. data)   RO Data    RW Data    ZI Data      Debug   

     13900        800        560         20       1588     995676   Grand Totals
     13900        800        560         20       1588     995676   ELF Image Totals
     13900        800        560         20          0          0   ROM Totals

==============================================================================

    Total RO  Size (Code + RO Data)                14460 (  14.12kB)
    Total RW  Size (RW Data + ZI Data)              1608 (   1.57kB)
    Total ROM Size (Code + RO Data + RW Data)      14480 (  14.14kB)

==============================================================================

